Archive member included to satisfy reference by file (symbol)

../app/libapp.a(main.c.obj)   (--whole-archive)
libzephyr.a(cbprintf_packaged.c.obj)
                              (--whole-archive)
libzephyr.a(crc32c_sw.c.obj)  (--whole-archive)
libzephyr.a(crc32_sw.c.obj)   (--whole-archive)
libzephyr.a(crc16_sw.c.obj)   (--whole-archive)
libzephyr.a(crc8_sw.c.obj)    (--whole-archive)
libzephyr.a(crc7_sw.c.obj)    (--whole-archive)
libzephyr.a(dec.c.obj)        (--whole-archive)
libzephyr.a(fdtable.c.obj)    (--whole-archive)
libzephyr.a(hex.c.obj)        (--whole-archive)
libzephyr.a(notify.c.obj)     (--whole-archive)
libzephyr.a(printk.c.obj)     (--whole-archive)
libzephyr.a(onoff.c.obj)      (--whole-archive)
libzephyr.a(rb.c.obj)         (--whole-archive)
libzephyr.a(sem.c.obj)        (--whole-archive)
libzephyr.a(thread_entry.c.obj)
                              (--whole-archive)
libzephyr.a(timeutil.c.obj)   (--whole-archive)
libzephyr.a(heap.c.obj)       (--whole-archive)
libzephyr.a(heap-validate.c.obj)
                              (--whole-archive)
libzephyr.a(bitarray.c.obj)   (--whole-archive)
libzephyr.a(multi_heap.c.obj)
                              (--whole-archive)
libzephyr.a(cbprintf_complete.c.obj)
                              (--whole-archive)
libzephyr.a(cbprintf.c.obj)   (--whole-archive)
libzephyr.a(assert.c.obj)     (--whole-archive)
libzephyr.a(configs.c.obj)    (--whole-archive)
libzephyr.a(soc.c.obj)        (--whole-archive)
libzephyr.a(esp32-mp.c.obj)   (--whole-archive)
libzephyr.a(loader.c.obj)     (--whole-archive)
libzephyr.a(tracing_none.c.obj)
                              (--whole-archive)
libzephyr.a(windowspill_asm.S.obj)
                              (--whole-archive)
libzephyr.a(uart_hal.c.obj)   (--whole-archive)
libzephyr.a(uart_hal_iram.c.obj)
                              (--whole-archive)
libzephyr.a(ledc_periph.c.obj)
                              (--whole-archive)
libzephyr.a(ledc_hal_iram.c.obj)
                              (--whole-archive)
libzephyr.a(ledc_hal.c.obj)   (--whole-archive)
libzephyr.a(gpio_periph.c.obj)
                              (--whole-archive)
libzephyr.a(rtc_io_periph.c.obj)
                              (--whole-archive)
libzephyr.a(rtc_clk.c.obj)    (--whole-archive)
libzephyr.a(rtc_init.c.obj)   (--whole-archive)
libzephyr.a(rtc_time.c.obj)   (--whole-archive)
libzephyr.a(rtc_clk_init.c.obj)
                              (--whole-archive)
libzephyr.a(clk.c.obj)        (--whole-archive)
libzephyr.a(ets_timer_legacy.c.obj)
                              (--whole-archive)
libzephyr.a(esp_timer.c.obj)  (--whole-archive)
libzephyr.a(esp_timer_impl_lac.c.obj)
                              (--whole-archive)
libzephyr.a(periph_ctrl.c.obj)
                              (--whole-archive)
libzephyr.a(log_noos.c.obj)   (--whole-archive)
libzephyr.a(log.c.obj)        (--whole-archive)
libzephyr.a(interrupt_controller_hal.c.obj)
                              (--whole-archive)
libzephyr.a(interrupt_descriptor_table.c.obj)
                              (--whole-archive)
libzephyr.a(esp_system_api.c.obj)
                              (--whole-archive)
libzephyr.a(dport_access.c.obj)
                              (--whole-archive)
libzephyr.a(stubs.c.obj)      (--whole-archive)
libzephyr.a(heap_caps.c.obj)  (--whole-archive)
arch/common/libarch__common.a(sw_isr_common.c.obj)
                              (--whole-archive)
arch/arch/xtensa/core/libarch__xtensa__core.a(cpu_idle.c.obj)
                              (--whole-archive)
arch/arch/xtensa/core/libarch__xtensa__core.a(fatal.c.obj)
                              (--whole-archive)
arch/arch/xtensa/core/libarch__xtensa__core.a(window_vectors.S.obj)
                              (--whole-archive)
arch/arch/xtensa/core/libarch__xtensa__core.a(xtensa-asm2-util.S.obj)
                              (--whole-archive)
arch/arch/xtensa/core/libarch__xtensa__core.a(xtensa-asm2.c.obj)
                              (--whole-archive)
arch/arch/xtensa/core/libarch__xtensa__core.a(irq_manage.c.obj)
                              (--whole-archive)
arch/arch/xtensa/core/libarch__xtensa__core.a(xtensa_backtrace.c.obj)
                              (--whole-archive)
arch/arch/xtensa/core/libarch__xtensa__core.a(debug_helpers_asm.S.obj)
                              (--whole-archive)
lib/libc/minimal/liblib__libc__minimal.a(abort.c.obj)
                              (--whole-archive)
lib/libc/minimal/liblib__libc__minimal.a(atoi.c.obj)
                              (--whole-archive)
lib/libc/minimal/liblib__libc__minimal.a(strtol.c.obj)
                              (--whole-archive)
lib/libc/minimal/liblib__libc__minimal.a(strtoul.c.obj)
                              (--whole-archive)
lib/libc/minimal/liblib__libc__minimal.a(strtoll.c.obj)
                              (--whole-archive)
lib/libc/minimal/liblib__libc__minimal.a(strtoull.c.obj)
                              (--whole-archive)
[...]
Memory Configuration

Name             Origin             Length             Attributes
mcuboot_hdr      0x0000000000000000 0x0000000000000020 xr
metadata         0x0000000000000020 0x0000000000000020 xr
ROM              0x0000000000000040 0x00000000003fffc0 xr
iram0_0_seg      0x0000000040080000 0x0000000000020000 xr
irom0_0_seg      0x00000000400d0020 0x000000000032ffe0 xr
dram0_0_seg      0x000000003ffb0000 0x000000000002c200 rw
dram0_1_seg      0x000000003ffe5230 0x000000000001add0 rw
drom0_0_seg      0x000000003f400040 0x00000000003fffc0 r
rtc_iram_seg     0x00000000400c0000 0x0000000000002000 xrw
rtc_slow_seg     0x0000000050000000 0x0000000000001000 rw
IDT_LIST         0x000000003ebfe010 0x0000000000002000 rw
*default*        0x0000000000000000 0xffffffffffffffff

Linker script and memory map

LOAD CMakeFiles/zephyr_final.dir/misc/empty_file.c.obj
LOAD CMakeFiles/zephyr_final.dir/dev_handles.c.obj
LOAD CMakeFiles/zephyr_final.dir/isr_tables.c.obj
                [!provide]                        PROVIDE (_ResetVector = 0x40000400)
                0x0000000000000000                _rom_store_table = 0x0
                [!provide]                        PROVIDE (_memmap_vecbase_reset = 0x40000450)
                [!provide]                        PROVIDE (_memmap_reset_vector = 0x40000400)

.mcuboot_header
                0x0000000000000000       0x20
                0x0000000000000000        0x8 QUAD 0x0
                0x0000000000000008        0x8 QUAD 0x0
                0x0000000000000010        0x8 QUAD 0x0
                0x0000000000000018        0x8 QUAD 0x0

.metadata       0x0000000000000020       0x1c
                0x0000000000000020        0x4 LONG 0xace637d3
 *(SORT_BY_ALIGNMENT(.entry_addr))
                0x0000000000000024        0x4 LONG 0x40080000 ADDR (.iram0.vectors)
                0x0000000000000028        0x4 LONG 0x127c LOADADDR (.iram0.vectors)
                0x000000000000002c        0x4 LONG 0x2bb8 ((LOADADDR (text) + SIZEOF (text)) - LOADADDR (.iram0.vectors))
                0x0000000000000030        0x4 LONG 0x3ffb0000 ADDR (.dram0.data)
                0x0000000000000034        0x4 LONG 0xef6 LOADADDR (.dram0.data)
                0x0000000000000038        0x4 LONG 0x384 ((LOADADDR (.dram0.end) + SIZEOF (.dram0.end)) - LOADADDR (.dram0.data))

.rel.plt        0x0000000000000000        0x0
 *(SORT_BY_ALIGNMENT(.rel.plt))
                [!provide]                        PROVIDE (__rel_iplt_start = .)
 *(SORT_BY_ALIGNMENT(.rel.iplt))
                [!provide]                        PROVIDE (__rel_iplt_end = .)

.rela.plt       0x0000000000000000        0x0
 *(SORT_BY_ALIGNMENT(.rela.plt))
                [!provide]                        PROVIDE (__rela_iplt_start = .)
 *(SORT_BY_ALIGNMENT(.rela.iplt))
                [!provide]                        PROVIDE (__rela_iplt_end = .)

.rel.dyn
 *(SORT_BY_ALIGNMENT(.rel.*))

.rela.dyn
 *(SORT_BY_ALIGNMENT(.rela.*))
                0x0000000000000040                _image_drom_start = LOADADDR (rodata)
                0x0000000000000dd8                _image_drom_size = ((LOADADDR (rodata) + SIZEOF (rodata)) - _image_drom_start)
                0x000000003f400040                _image_drom_vaddr = ADDR (rodata)

rodata          0x000000003f400040      0xdd8 load address 0x0000000000000040
                0x000000003f400040                _rodata_start = ABSOLUTE (.)
                0x000000003f400040                . = ALIGN (0x4)
                0x000000003f400040                . = ALIGN (0x4)
 *(SORT_BY_ALIGNMENT(EXCLUDE_FILE(*libzephyr.a:spi_flash_rom_patch.* *libdrivers__serial.a:uart_esp32.* *libdrivers__flash.a:flash_esp32.* *libzephyr.a:loader.* *libzephyr.a:log_output.* *libdrivers__flash.a:esp32_mp.* *libzephyr.a:log_backend_uart.* *libzephyr.a:log_core.* *libzephyr.a:cbprintf_complete* *libkernel.a:init.* *libkernel.a:fatal.* *libarch__xtensa__core.a:*) .rodata))
 .rodata        0x000000003f400040        0x8 drivers/clock_control/libdrivers__clock_control.a(clock_control_esp32.c.obj)
 *(SORT_BY_ALIGNMENT(EXCLUDE_FILE(*libzephyr.a:spi_flash_rom_patch.* *libdrivers__serial.a:uart_esp32.* *libdrivers__flash.a:flash_esp32.* *libzephyr.a:loader.* *libzephyr.a:log_output.* *libdrivers__flash.a:esp32_mp.* *libzephyr.a:log_backend_uart.* *libzephyr.a:log_core.* *libzephyr.a:cbprintf_complete* *libkernel.a:init.* *libkernel.a:fatal.* *libarch__xtensa__core.a:*) .rodata.*))
 .rodata.GPIO_PIN_MUX_REG
                0x000000003f400048       0xa0 libzephyr.a(gpio_periph.c.obj)
                0x000000003f400048                GPIO_PIN_MUX_REG
 .rodata.rtc_io_desc
                0x000000003f4000e8      0x3f0 libzephyr.a(rtc_io_periph.c.obj)
                0x000000003f4000e8                rtc_io_desc
 .rodata.rtc_io_num_map
                0x000000003f4004d8       0xa0 libzephyr.a(rtc_io_periph.c.obj)
                0x000000003f4004d8                rtc_io_num_map
 .rodata.periph_ll_get_rst_en_mask
                0x000000003f400578       0x8c libzephyr.a(periph_ctrl.c.obj)
 .rodata.CSWTCH$8
                0x000000003f400604       0x8c libzephyr.a(periph_ctrl.c.obj)
 .rodata.interrupt_descriptor_table
                0x000000003f400690      0x200 libzephyr.a(interrupt_descriptor_table.c.obj)
 .rodata.CSWTCH$7
                0x000000003f400890       0x8c drivers/clock_control/libdrivers__clock_control.a(clock_control_esp32.c.obj)
 .rodata.esp32_clock_config0
                0x000000003f40091c       0x10 drivers/clock_control/libdrivers__clock_control.a(clock_control_esp32.c.obj)
 .rodata.clock_control_esp32_api
                0x000000003f40092c       0x1c drivers/clock_control/libdrivers__clock_control.a(clock_control_esp32.c.obj)
 .rodata.gpio_esp32_driver_api
                0x000000003f400948       0x24 drivers/gpio/libdrivers__gpio.a(gpio_esp32.c.obj)
 .rodata.__pinctrl_dev_config__device_dts_ord_7
                0x000000003f40096c        0x8 drivers/pwm/libdrivers__pwm.a(pwm_led_esp32.c.obj)
 .rodata.__pinctrl_states__device_dts_ord_7
                0x000000003f400974        0x8 drivers/pwm/libdrivers__pwm.a(pwm_led_esp32.c.obj)
 .rodata.__pinctrl_state_pins_0__device_dts_ord_7
                0x000000003f40097c       0x48 drivers/pwm/libdrivers__pwm.a(pwm_led_esp32.c.obj)
 .rodata.pwm_led_esp32_api
                0x000000003f4009c4        0x8 drivers/pwm/libdrivers__pwm.a(pwm_led_esp32.c.obj)
 .rodata.esp32_gpio_ports_addrs
                0x000000003f4009cc        0x8 drivers/pinctrl/libdrivers__pinctrl.a(pinctrl_esp32.c.obj)
 .rodata.levels$0
                0x000000003f4009d4       0x14 kernel/libkernel.a(device.c.obj)
 .rodata.main.str1.1
                0x000000003f4009e8       0x5c ../app/libapp.a(main.c.obj)
 .rodata.rtc_clk_cpu_freq_to_pll_mhz.str1.1
                0x000000003f400a44       0x23 libzephyr.a(rtc_clk.c.obj)
 .rodata.rtc_clk_cpu_freq_get_config.str1.1
                0x000000003f400a67       0x2d libzephyr.a(rtc_clk.c.obj)
 .rodata.CSWTCH$50
                0x000000003f400a94       0x11 libzephyr.a(rtc_clk.c.obj)
 .rodata.CSWTCH$48
                0x000000003f400aa5       0x11 libzephyr.a(rtc_clk.c.obj)
 .rodata.CSWTCH$47
                0x000000003f400ab6       0x11 libzephyr.a(rtc_clk.c.obj)
 .rodata.CSWTCH$46
                0x000000003f400ac7       0x11 libzephyr.a(rtc_clk.c.obj)
 .rodata.CSWTCH$45
                0x000000003f400ad8       0x11 libzephyr.a(rtc_clk.c.obj)
 .rodata.CSWTCH$44
                0x000000003f400ae9       0x11 libzephyr.a(rtc_clk.c.obj)
 .rodata.CSWTCH$43
                0x000000003f400afa       0x11 libzephyr.a(rtc_clk.c.obj)
 .rodata.rtc_clk_cal_internal.str1.1
                0x000000003f400b0b       0x44 libzephyr.a(rtc_time.c.obj)
 .rodata.rtc_clk_xtal_freq_estimate.str1.1
                0x000000003f400b4f       0xbc libzephyr.a(rtc_clk_init.c.obj)
 .rodata.rtc_clk_init.str1.1
                0x000000003f400c0b       0xb1 libzephyr.a(rtc_clk_init.c.obj)
 .rodata.abort.str1.1
                0x000000003f400cbc        0x9 lib/libc/minimal/liblib__libc__minimal.a(abort.c.obj)
 .rodata.default_intr_handler.str1.1
                0x000000003f400cc5       0x23 drivers/interrupt_controller/libdrivers__interrupt_controller.a(intc_esp32.c.obj)
 .rodata.CSWTCH$227
                0x000000003f400ce8        0x6 drivers/interrupt_controller/libdrivers__interrupt_controller.a(intc_esp32.c.obj)
 .rodata.str1.1
                0x000000003f400cee        0xd drivers/clock_control/libdrivers__clock_control.a(clock_control_esp32.c.obj)
 .rodata.xtal_freq
                0x000000003f400cfb        0x4 drivers/clock_control/libdrivers__clock_control.a(clock_control_esp32.c.obj)
 .rodata.str1.1
                0x000000003f400cff       0x1c drivers/gpio/libdrivers__gpio.a(gpio_esp32.c.obj)
 .rodata.str1.1
                0x000000003f400d1b        0xe drivers/pwm/libdrivers__pwm.a(pwm_led_esp32.c.obj)
 .rodata.boot_banner.str1.1
                0x000000003f400d29       0x48 kernel/libkernel.a(banner.c.obj)
                                         0x49 (size before relaxing)
 *(SORT_BY_ALIGNMENT(.irom1.text))
 *(SORT_BY_ALIGNMENT(.gnu.linkonce.r.*))
 *(SORT_BY_ALIGNMENT(.rodata1))
                0x000000003f400d71                __XT_EXCEPTION_TABLE_ = ABSOLUTE (.)
 *(SORT_BY_ALIGNMENT(.xt_except_table))
 *(SORT_BY_ALIGNMENT(.gcc_except_table) SORT_BY_ALIGNMENT(.gcc_except_table.*))
 *(SORT_BY_ALIGNMENT(.gnu.linkonce.e.*))
 *(SORT_BY_ALIGNMENT(.gnu.version_r))
                0x000000003f400d74                . = ((. + 0x3) & 0xfffffffffffffffc)
 *fill*         0x000000003f400d71        0x3 
                0x000000003f400d74                __eh_frame = ABSOLUTE (.)
 *(SORT_BY_ALIGNMENT(.eh_frame))
 .eh_frame      0x000000003f400d74       0x28 /home/alejandro/zephyr-sdk-0.15.0/xtensa-espressif_esp32_zephyr-elf/bin/../lib/gcc/xtensa-espressif_esp32_zephyr-elf/12.1.0/libgcc.a(_divdi3.o)
 .eh_frame      0x000000003f400d9c       0x28 /home/alejandro/zephyr-sdk-0.15.0/xtensa-espressif_esp32_zephyr-elf/bin/../lib/gcc/xtensa-espressif_esp32_zephyr-elf/12.1.0/libgcc.a(_moddi3.o)
 .eh_frame      0x000000003f400dc4       0x28 /home/alejandro/zephyr-sdk-0.15.0/xtensa-espressif_esp32_zephyr-elf/bin/../lib/gcc/xtensa-espressif_esp32_zephyr-elf/12.1.0/libgcc.a(_udivdi3.o)
 .eh_frame      0x000000003f400dec       0x28 /home/alejandro/zephyr-sdk-0.15.0/xtensa-espressif_esp32_zephyr-elf/bin/../lib/gcc/xtensa-espressif_esp32_zephyr-elf/12.1.0/libgcc.a(_umoddi3.o)
                0x000000003f400e18                . = ((. + 0x7) & 0xfffffffffffffffc)
 *fill*         0x000000003f400e14        0x4 
                0x000000003f400e18                __XT_EXCEPTION_DESCS_ = ABSOLUTE (.)
 *(SORT_BY_ALIGNMENT(.xt_except_desc))
 *(SORT_BY_ALIGNMENT(.gnu.linkonce.h.*))
                0x000000003f400e18                __XT_EXCEPTION_DESCS_END__ = ABSOLUTE (.)
 *(SORT_BY_ALIGNMENT(.xt_except_desc_end))
 *(SORT_BY_ALIGNMENT(.dynamic))
 *(SORT_BY_ALIGNMENT(.gnu.version_d))
                0x000000003f400e18                . = ALIGN (0x4)
                0x000000003f400e18                _rodata_end = ABSOLUTE (.)
                0x000000003f400e18                _lit4_start = ABSOLUTE (.)
 *(SORT_BY_ALIGNMENT(*.lit4))
 *(SORT_BY_ALIGNMENT(.lit4.*))
 *(SORT_BY_ALIGNMENT(.gnu.linkonce.lit4.*))
                0x000000003f400e18                _lit4_end = ABSOLUTE (.)
                0x000000003f400e18                . = ALIGN (0x4)
                0x000000003f400e18                _thread_local_start = ABSOLUTE (.)
 *(SORT_BY_ALIGNMENT(.tdata))
 *(SORT_BY_ALIGNMENT(.tdata.*))
 *(SORT_BY_ALIGNMENT(.tbss))
 *(SORT_BY_ALIGNMENT(.tbss.*))
                0x000000003f400e18                _thread_local_end = ABSOLUTE (.)
                0x000000003f400e18                . = ALIGN (0x4)

initlevel       0x000000003f400e18       0x40 load address 0x0000000000000e18
                0x000000003f400e18                __init_start = .
                0x000000003f400e18                __init_PRE_KERNEL_1_start = .
 *(SORT_BY_NAME(SORT_BY_ALIGNMENT(.z_init_PRE_KERNEL_1[0-9]_*)))
 *(SORT_BY_NAME(SORT_BY_ALIGNMENT(.z_init_PRE_KERNEL_1[1-9][0-9]_*)))
 .z_init_PRE_KERNEL_130_
                0x000000003f400e18        0x8 drivers/clock_control/libdrivers__clock_control.a(clock_control_esp32.c.obj)
 .z_init_PRE_KERNEL_130_
                0x000000003f400e20        0x8 kernel/libkernel.a(kheap.c.obj)
 .z_init_PRE_KERNEL_140_
                0x000000003f400e28       0x10 drivers/gpio/libdrivers__gpio.a(gpio_esp32.c.obj)
 .z_init_PRE_KERNEL_150_
                0x000000003f400e38        0x8 drivers/serial/libdrivers__serial.a(uart_esp32.c.obj)
 .z_init_PRE_KERNEL_160_
                0x000000003f400e40        0x8 drivers/console/libdrivers__console.a(uart_console.c.obj)
                0x000000003f400e48                __init_PRE_KERNEL_2_start = .
 *(SORT_BY_NAME(SORT_BY_ALIGNMENT(.z_init_PRE_KERNEL_2[0-9]_*)))
 .z_init_PRE_KERNEL_20_
                0x000000003f400e48        0x8 drivers/timer/libdrivers__timer.a(xtensa_sys_timer.c.obj)
 *(SORT_BY_NAME(SORT_BY_ALIGNMENT(.z_init_PRE_KERNEL_2[1-9][0-9]_*)))
                0x000000003f400e50                __init_POST_KERNEL_start = .
 *(SORT_BY_NAME(SORT_BY_ALIGNMENT(.z_init_POST_KERNEL[0-9]_*)))
 *(SORT_BY_NAME(SORT_BY_ALIGNMENT(.z_init_POST_KERNEL[1-9][0-9]_*)))
 .z_init_POST_KERNEL50_
                0x000000003f400e50        0x8 drivers/pwm/libdrivers__pwm.a(pwm_led_esp32.c.obj)
                0x000000003f400e58                __init_APPLICATION_start = .
 *(SORT_BY_NAME(SORT_BY_ALIGNMENT(.z_init_APPLICATION[0-9]_*)))
 *(SORT_BY_NAME(SORT_BY_ALIGNMENT(.z_init_APPLICATION[1-9][0-9]_*)))
                0x000000003f400e58                __init_SMP_start = .
 *(SORT_BY_NAME(SORT_BY_ALIGNMENT(.z_init_SMP[0-9]_*)))
 *(SORT_BY_NAME(SORT_BY_ALIGNMENT(.z_init_SMP[1-9][0-9]_*)))
                0x000000003f400e58                __init_end = .

devices         0x000000003f400e58       0x78 load address 0x0000000000000e58
                0x000000003f400e58                __device_start = .
                0x000000003f400e58                __device_PRE_KERNEL_1_start = .
 *(SORT_BY_NAME(SORT_BY_ALIGNMENT(.z_device_PRE_KERNEL_1[0-9]_*)))
 *(SORT_BY_NAME(SORT_BY_ALIGNMENT(.z_device_PRE_KERNEL_1[1-9][0-9]_*)))
 .z_device_PRE_KERNEL_130_
                0x000000003f400e58       0x18 drivers/clock_control/libdrivers__clock_control.a(clock_control_esp32.c.obj)
                0x000000003f400e58                __device_dts_ord_6
 .z_device_PRE_KERNEL_140_
                0x000000003f400e70       0x30 drivers/gpio/libdrivers__gpio.a(gpio_esp32.c.obj)
                0x000000003f400e70                __device_dts_ord_66
                0x000000003f400e88                __device_dts_ord_39
 .z_device_PRE_KERNEL_150_
                0x000000003f400ea0       0x18 drivers/serial/libdrivers__serial.a(uart_esp32.c.obj)
                0x000000003f400ea0                __device_dts_ord_53
                0x000000003f400eb8                __device_PRE_KERNEL_2_start = .
 *(SORT_BY_NAME(SORT_BY_ALIGNMENT(.z_device_PRE_KERNEL_2[0-9]_*)))
 *(SORT_BY_NAME(SORT_BY_ALIGNMENT(.z_device_PRE_KERNEL_2[1-9][0-9]_*)))
                0x000000003f400eb8                __device_POST_KERNEL_start = .
 *(SORT_BY_NAME(SORT_BY_ALIGNMENT(.z_device_POST_KERNEL[0-9]_*)))
 *(SORT_BY_NAME(SORT_BY_ALIGNMENT(.z_device_POST_KERNEL[1-9][0-9]_*)))
 .z_device_POST_KERNEL50_
                0x000000003f400eb8       0x18 drivers/pwm/libdrivers__pwm.a(pwm_led_esp32.c.obj)
                0x000000003f400eb8                __device_dts_ord_7
                0x000000003f400ed0                __device_APPLICATION_start = .
 *(SORT_BY_NAME(SORT_BY_ALIGNMENT(.z_device_APPLICATION[0-9]_*)))
 *(SORT_BY_NAME(SORT_BY_ALIGNMENT(.z_device_APPLICATION[1-9][0-9]_*)))
                0x000000003f400ed0                __device_SMP_start = .
 *(SORT_BY_NAME(SORT_BY_ALIGNMENT(.z_device_SMP[0-9]_*)))
 *(SORT_BY_NAME(SORT_BY_ALIGNMENT(.z_device_SMP[1-9][0-9]_*)))
                0x000000003f400ed0                __device_end = .

initlevel_error
                0x000000000000003c        0x0
 *(SORT_BY_NAME(SORT_BY_ALIGNMENT(.z_init_[_A-Z0-9]*)))
                0x0000000000000001                ASSERT ((SIZEOF (initlevel_error) == 0x0), Undefined initialization levels used.)

app_shmem_regions
                0x000000003f400ed0        0x0 load address 0x0000000000000ed0
                0x000000003f400ed0                __app_shmem_regions_start = .
 *(SORT_BY_NAME(SORT_BY_ALIGNMENT(.app_regions.*)))
                0x000000003f400ed0                __app_shmem_regions_end = .

k_p4wq_initparam_area
                0x000000003f400ed0        0x0 load address 0x0000000000000ed0
                0x000000003f400ed0                _k_p4wq_initparam_list_start = .
 *(SORT_BY_NAME(SORT_BY_ALIGNMENT(._k_p4wq_initparam.static.*)))
                0x000000003f400ed0                _k_p4wq_initparam_list_end = .

device_handles  0x000000003f400ed0       0x26 load address 0x0000000000000ed0
                0x000000003f400ed0                __device_handles_start = .
 *(SORT_BY_NAME(SORT_BY_ALIGNMENT(.__device_handles_pass2*)))
 .__device_handles_pass2
                0x000000003f400ed0       0x26 CMakeFiles/zephyr_final.dir/dev_handles.c.obj
                0x000000003f400ed0                __devicehdl_DT_N_S_soc_S_ledc_3ff59000
                0x000000003f400ed8                __devicehdl_DT_N_S_soc_S_uart_3ff40000
                0x000000003f400ee0                __devicehdl_DT_N_S_soc_S_gpio_S_gpio_3ff44000
                0x000000003f400ee6                __devicehdl_DT_N_S_soc_S_gpio_S_gpio_3ff44800
                0x000000003f400eec                __devicehdl_DT_N_S_soc_S_rtc_3ff48000
                0x000000003f400ef6                __device_handles_end = .

ztest           0x000000003f400ef6        0x0 load address 0x0000000000000ef6
                0x000000003f400ef6                _ztest_expected_result_entry_list_start = .
 *(SORT_BY_NAME(SORT_BY_ALIGNMENT(._ztest_expected_result_entry.static.*)))
                0x000000003f400ef6                _ztest_expected_result_entry_list_end = .
                0x000000003f400ef6                _ztest_suite_node_list_start = .
 *(SORT_BY_NAME(SORT_BY_ALIGNMENT(._ztest_suite_node.static.*)))
                0x000000003f400ef6                _ztest_suite_node_list_end = .
                0x000000003f400ef6                _ztest_unit_test_list_start = .
 *(SORT_BY_NAME(SORT_BY_ALIGNMENT(._ztest_unit_test.static.*)))
                0x000000003f400ef6                _ztest_unit_test_list_end = .
                0x000000003f400ef6                _ztest_test_rule_list_start = .
 *(SORT_BY_NAME(SORT_BY_ALIGNMENT(._ztest_test_rule.static.*)))
                0x000000003f400ef6                _ztest_test_rule_list_end = .

bt_l2cap_fixed_chan_area
                0x000000003f400ef6        0x0 load address 0x0000000000000ef6
                0x000000003f400ef6                _bt_l2cap_fixed_chan_list_start = .
 *(SORT_BY_NAME(SORT_BY_ALIGNMENT(._bt_l2cap_fixed_chan.static.*)))
                0x000000003f400ef6                _bt_l2cap_fixed_chan_list_end = .

bt_gatt_service_static_area
                0x000000003f400ef6        0x0 load address 0x0000000000000ef6
                0x000000003f400ef6                _bt_gatt_service_static_list_start = .
 *(SORT_BY_NAME(SORT_BY_ALIGNMENT(._bt_gatt_service_static.static.*)))
                0x000000003f400ef6                _bt_gatt_service_static_list_end = .

tracing_backend_area
                0x000000003f400ef6        0x0 load address 0x0000000000000ef6
                0x000000003f400ef6                _tracing_backend_list_start = .
 *(SORT_BY_NAME(SORT_BY_ALIGNMENT(._tracing_backend.static.*)))
                0x000000003f400ef6                _tracing_backend_list_end = .

zephyr_dbg_info
 *(SORT_BY_ALIGNMENT(.dbg_thread_info))

symbol_to_keep  0x000000003f400ef6        0x0 load address 0x0000000000000ef6
                0x000000003f400ef6                __symbol_to_keep_start = .
 *(SORT_BY_NAME(SORT_BY_ALIGNMENT(.symbol_to_keep*)))
                0x000000003f400ef6                __symbol_to_keep_end = .

shell_area      0x000000003f400ef6        0x0 load address 0x0000000000000ef6
                0x000000003f400ef6                _shell_list_start = .
 *(SORT_BY_NAME(SORT_BY_ALIGNMENT(._shell.static.*)))
                0x000000003f400ef6                _shell_list_end = .

shell_root_cmds_sections
                0x000000003f400ef6        0x0 load address 0x0000000000000ef6
                0x000000003f400ef6                __shell_root_cmds_start = .
 *(SORT_BY_NAME(SORT_BY_ALIGNMENT(.shell_root_cmd_*)))
                0x000000003f400ef6                __shell_root_cmds_end = .

shell_subcmds_sections
                0x000000003f400ef6        0x0 load address 0x0000000000000ef6
                0x000000003f400ef6                __shell_subcmds_start = .
 *(SORT_BY_NAME(SORT_BY_ALIGNMENT(.shell_subcmd_*)))
                0x000000003f400ef6                __shell_subcmds_end = .

shell_dynamic_subcmds_sections
                0x000000003f400ef6        0x0 load address 0x0000000000000ef6
                0x000000003f400ef6                __shell_dynamic_subcmds_start = .
 *(SORT_BY_NAME(SORT_BY_ALIGNMENT(.shell_dynamic_subcmd_*)))
                0x000000003f400ef6                __shell_dynamic_subcmds_end = .

font_entry_sections
                0x000000003f400ef6        0x0 load address 0x0000000000000ef6
                0x000000003f400ef6                __font_entry_start = .
 *(SORT_BY_NAME(SORT_BY_ALIGNMENT(._cfb_font.*)))
                0x000000003f400ef6                __font_entry_end = .
                0x0000000000000ef6                _image_dram_start = LOADADDR (.dram0.data)
                0x0000000000000384                _image_dram_size = ((LOADADDR (.dram0.end) + SIZEOF (.dram0.end)) - _image_dram_start)
                0x000000003ffb0000                _image_dram_vaddr = ADDR (.dram0.data)

/DISCARD/
 *(SORT_BY_ALIGNMENT(.irq_info*))
 *(SORT_BY_ALIGNMENT(.intList*))

.dram0.data     0x000000003ffb0000      0x25c load address 0x0000000000000ef6
                0x000000003ffb0000                _data_start = ABSOLUTE (.)
                0x000000003ffb0000                _btdm_data_start = ABSOLUTE (.)
 *libbtdm_app.a:(SORT_BY_ALIGNMENT(.data) SORT_BY_ALIGNMENT(.data.*))
                0x000000003ffb0000                . = ALIGN (0x4)
                0x000000003ffb0000                _btdm_data_end = ABSOLUTE (.)
 *(SORT_BY_ALIGNMENT(.data))
 *(SORT_BY_ALIGNMENT(.data.*))
 .data._char_out
                0x000000003ffb0000        0x4 libzephyr.a(printk.c.obj)
                0x000000003ffb0000                _char_out
 .data._stdout_hook
                0x000000003ffb0004        0x4 lib/libc/minimal/liblib__libc__minimal.a(stdout_console.c.obj)
 .data.gpio_config_1
                0x000000003ffb0008       0x10 drivers/gpio/libdrivers__gpio.a(gpio_esp32.c.obj)
 .data.gpio_config_0
                0x000000003ffb0018       0x10 drivers/gpio/libdrivers__gpio.a(gpio_esp32.c.obj)
 .data.pwm_ledc_esp32_data
                0x000000003ffb0028       0x18 drivers/pwm/libdrivers__pwm.a(pwm_led_esp32.c.obj)
 .data.pwm_ledc_esp32_config
                0x000000003ffb0040       0x14 drivers/pwm/libdrivers__pwm.a(pwm_led_esp32.c.obj)
 .data.channel_config
                0x000000003ffb0054       0xd8 drivers/pwm/libdrivers__pwm.a(pwm_led_esp32.c.obj)
 .data.uart_esp32_data_0
                0x000000003ffb012c       0x10 drivers/serial/libdrivers__serial.a(uart_esp32.c.obj)
 .data.timeout_list
                0x000000003ffb013c        0x8 kernel/libkernel.a(timeout.c.obj)
 *(SORT_BY_ALIGNMENT(.gnu.linkonce.d.*))
 *(SORT_BY_ALIGNMENT(.data1))
 *(SORT_BY_ALIGNMENT(.sdata))
 *(SORT_BY_ALIGNMENT(.sdata.*))
 *(SORT_BY_ALIGNMENT(.gnu.linkonce.s.*))
 *(SORT_BY_ALIGNMENT(.sdata2))
 *(SORT_BY_ALIGNMENT(.sdata2.*))
 *(SORT_BY_ALIGNMENT(.gnu.linkonce.s2.*))
 *libarch__xtensa__core.a:(SORT_BY_ALIGNMENT(.rodata) SORT_BY_ALIGNMENT(.rodata.*))
 .rodata.z_xtensa_backtrace_print.str1.1
                0x000000003ffb0144       0x3f arch/arch/xtensa/core/libarch__xtensa__core.a(xtensa_backtrace.c.obj)
 *libkernel.a:fatal.*(SORT_BY_ALIGNMENT(.rodata) SORT_BY_ALIGNMENT(.rodata.*))
 *libkernel.a:init.*(SORT_BY_ALIGNMENT(.rodata) SORT_BY_ALIGNMENT(.rodata.*))
 .rodata.z_cstart.str1.1
                0x000000003ffb0183        0x5 kernel/libkernel.a(init.c.obj)
 *libzephyr.a:cbprintf_complete*(SORT_BY_ALIGNMENT(.rodata) SORT_BY_ALIGNMENT(.rodata.*))
 .rodata.z_cbvprintf_impl
                0x000000003ffb0188       0x78 libzephyr.a(cbprintf_complete.c.obj)
 .rodata.z_cbvprintf_impl.str1.1
                0x000000003ffb0200        0x6 libzephyr.a(cbprintf_complete.c.obj)
 *libzephyr.a:log_core.*(SORT_BY_ALIGNMENT(.rodata) SORT_BY_ALIGNMENT(.rodata.*))
 *libzephyr.a:log_backend_uart.*(SORT_BY_ALIGNMENT(.rodata) SORT_BY_ALIGNMENT(.rodata.*))
 *libzephyr.a:log_output.*(SORT_BY_ALIGNMENT(.rodata) SORT_BY_ALIGNMENT(.rodata.*))
 *libzephyr.a:loader.*(SORT_BY_ALIGNMENT(.rodata) SORT_BY_ALIGNMENT(.rodata.*))
 *libdrivers__flash.a:flash_esp32.*(SORT_BY_ALIGNMENT(.rodata) SORT_BY_ALIGNMENT(.rodata.*))
 *libzephyr.a:spi_flash_rom_patch.*(SORT_BY_ALIGNMENT(.rodata) SORT_BY_ALIGNMENT(.rodata.*))
 *libdrivers__serial.a:uart_esp32.*(SORT_BY_ALIGNMENT(.rodata) SORT_BY_ALIGNMENT(.rodata.*))
 *fill*         0x000000003ffb0206        0x2 
 .rodata.__pinctrl_dev_config__device_dts_ord_53
                0x000000003ffb0208        0x8 drivers/serial/libdrivers__serial.a(uart_esp32.c.obj)
 .rodata.__pinctrl_states__device_dts_ord_53
                0x000000003ffb0210        0x8 drivers/serial/libdrivers__serial.a(uart_esp32.c.obj)
 .rodata.__pinctrl_state_pins_0__device_dts_ord_53
                0x000000003ffb0218       0x10 drivers/serial/libdrivers__serial.a(uart_esp32.c.obj)
 .rodata.str1.1
                0x000000003ffb0228        0xe drivers/serial/libdrivers__serial.a(uart_esp32.c.obj)
 *(SORT_BY_ALIGNMENT(.jcr))
 *(SORT_BY_ALIGNMENT(.dram1) SORT_BY_ALIGNMENT(.dram1.*))
 *fill*         0x000000003ffb0236        0x2 
 .dram1.5       0x000000003ffb0238       0x10 drivers/serial/libdrivers__serial.a(uart_esp32.c.obj)
 .dram1.4       0x000000003ffb0248       0x14 drivers/serial/libdrivers__serial.a(uart_esp32.c.obj)
                0x000000003ffb025c                . = ALIGN (0x4)

sw_isr_table    0x000000003ffb025c      0x100 load address 0x0000000000001152
                0x000000003ffb025c                . = ALIGN (0x4)
 *(SORT_BY_ALIGNMENT(.gnu.linkonce.sw_isr_table*))
 .gnu.linkonce.sw_isr_table
                0x000000003ffb025c      0x100 CMakeFiles/zephyr_final.dir/isr_tables.c.obj
                0x000000003ffb025c                _sw_isr_table

device_states   0x000000003ffb035c       0x14 load address 0x0000000000001252
                0x000000003ffb035c                __device_states_start = .
 *(SORT_BY_ALIGNMENT(.z_devstate))
 .z_devstate    0x000000003ffb035c        0x4 drivers/clock_control/libdrivers__clock_control.a(clock_control_esp32.c.obj)
 .z_devstate    0x000000003ffb0360        0x8 drivers/gpio/libdrivers__gpio.a(gpio_esp32.c.obj)
 .z_devstate    0x000000003ffb0368        0x4 drivers/pwm/libdrivers__pwm.a(pwm_led_esp32.c.obj)
 .z_devstate    0x000000003ffb036c        0x4 drivers/serial/libdrivers__serial.a(uart_esp32.c.obj)
 *(SORT_BY_ALIGNMENT(.z_devstate.*))
                0x000000003ffb0370                __device_states_end = .

initshell       0x000000003ffb0370        0x0 load address 0x0000000000001266
                0x000000003ffb0370                __shell_module_start = .
 *(SORT_BY_ALIGNMENT(.shell_module_*))
                0x000000003ffb0370                __shell_module_end = .
                0x000000003ffb0370                __shell_cmd_start = .
 *(SORT_BY_ALIGNMENT(.shell_cmd_*))
                0x000000003ffb0370                __shell_cmd_end = .

log_dynamic_sections
                0x000000003ffb0370        0x0 load address 0x0000000000001266
                0x000000003ffb0370                __log_dynamic_start = .
 *(SORT_BY_NAME(SORT_BY_ALIGNMENT(.log_dynamic_*)))
                0x000000003ffb0370                __log_dynamic_end = .

_static_thread_data_area
                0x000000003ffb0370        0x0 load address 0x0000000000001266
                0x000000003ffb0370                __static_thread_data_list_start = .
 *(SORT_BY_NAME(SORT_BY_ALIGNMENT(.__static_thread_data.static.*)))
                0x000000003ffb0370                __static_thread_data_list_end = .

k_timer_area    0x000000003ffb0370        0x0 load address 0x0000000000001266
                0x000000003ffb0370                _k_timer_list_start = .
 *(SORT_BY_NAME(SORT_BY_ALIGNMENT(._k_timer.static.*)))
                0x000000003ffb0370                _k_timer_list_end = .

k_mem_slab_area
                0x000000003ffb0370        0x0 load address 0x0000000000001266
                0x000000003ffb0370                _k_mem_slab_list_start = .
 *(SORT_BY_NAME(SORT_BY_ALIGNMENT(._k_mem_slab.static.*)))
                0x000000003ffb0370                _k_mem_slab_list_end = .

k_mem_pool_area
                0x000000003ffb0370        0x0 load address 0x0000000000001266
                0x000000003ffb0370                _k_mem_pool_list_start = .
 *(SORT_BY_NAME(SORT_BY_ALIGNMENT(._k_mem_pool.static.*)))
                0x000000003ffb0370                _k_mem_pool_list_end = .

k_heap_area     0x000000003ffb0370       0x14 load address 0x0000000000001266
                0x000000003ffb0370                _k_heap_list_start = .
 *(SORT_BY_NAME(SORT_BY_ALIGNMENT(._k_heap.static.*)))
 ._k_heap.static._internal_heap_1
                0x000000003ffb0370       0x14 libzephyr.a(heap_caps.c.obj)
                0x000000003ffb0370                _internal_heap_1
                0x000000003ffb0384                _k_heap_list_end = .

k_mutex_area    0x000000003ffb0384        0x0 load address 0x000000000000127a
                0x000000003ffb0384                _k_mutex_list_start = .
 *(SORT_BY_NAME(SORT_BY_ALIGNMENT(._k_mutex.static.*)))
                0x000000003ffb0384                _k_mutex_list_end = .

k_stack_area    0x000000003ffb0384        0x0 load address 0x000000000000127a
                0x000000003ffb0384                _k_stack_list_start = .
 *(SORT_BY_NAME(SORT_BY_ALIGNMENT(._k_stack.static.*)))
                0x000000003ffb0384                _k_stack_list_end = .

k_msgq_area     0x000000003ffb0384        0x0 load address 0x000000000000127a
                0x000000003ffb0384                _k_msgq_list_start = .
 *(SORT_BY_NAME(SORT_BY_ALIGNMENT(._k_msgq.static.*)))
                0x000000003ffb0384                _k_msgq_list_end = .

k_mbox_area     0x000000003ffb0384        0x0 load address 0x000000000000127a
                0x000000003ffb0384                _k_mbox_list_start = .
 *(SORT_BY_NAME(SORT_BY_ALIGNMENT(._k_mbox.static.*)))
                0x000000003ffb0384                _k_mbox_list_end = .

k_pipe_area     0x000000003ffb0384        0x0 load address 0x000000000000127a
                0x000000003ffb0384                _k_pipe_list_start = .
 *(SORT_BY_NAME(SORT_BY_ALIGNMENT(._k_pipe.static.*)))
                0x000000003ffb0384                _k_pipe_list_end = .

k_sem_area      0x000000003ffb0384        0x0 load address 0x000000000000127a
                0x000000003ffb0384                _k_sem_list_start = .
 *(SORT_BY_NAME(SORT_BY_ALIGNMENT(._k_sem.static.*)))
                0x000000003ffb0384                _k_sem_list_end = .

k_event_area    0x000000003ffb0384        0x0 load address 0x000000000000127a
                0x000000003ffb0384                _k_event_list_start = .
 *(SORT_BY_NAME(SORT_BY_ALIGNMENT(._k_event.static.*)))
                0x000000003ffb0384                _k_event_list_end = .

k_queue_area    0x000000003ffb0384        0x0 load address 0x000000000000127a
                0x000000003ffb0384                _k_queue_list_start = .
 *(SORT_BY_NAME(SORT_BY_ALIGNMENT(._k_queue.static.*)))
                0x000000003ffb0384                _k_queue_list_end = .

k_condvar_area  0x000000003ffb0384        0x0 load address 0x000000000000127a
                0x000000003ffb0384                _k_condvar_list_start = .
 *(SORT_BY_NAME(SORT_BY_ALIGNMENT(._k_condvar.static.*)))
                0x000000003ffb0384                _k_condvar_list_end = .

_net_buf_pool_area
                0x000000003ffb0384        0x0 load address 0x000000000000127a
                0x000000003ffb0384                _net_buf_pool_list = .
 *(SORT_BY_NAME(SORT_BY_ALIGNMENT(._net_buf_pool.static.*)))

log_strings_sections
                0x000000003ffb0384        0x0 load address 0x000000000000127a
                0x000000003ffb0384                __log_strings_start = .
 *(SORT_BY_NAME(SORT_BY_ALIGNMENT(.log_strings*)))
                0x000000003ffb0384                __log_strings_end = .

log_const_sections
                0x000000003ffb0384        0x0 load address 0x000000000000127a
                0x000000003ffb0384                __log_const_start = .
 *(SORT_BY_NAME(SORT_BY_ALIGNMENT(.log_const_*)))
                0x000000003ffb0384                __log_const_end = .

log_backends_sections
                0x000000003ffb0384        0x0 load address 0x000000000000127a
                0x000000003ffb0384                __log_backends_start = .
 *(SORT_BY_ALIGNMENT(._log_backend.*))
                0x000000003ffb0384                __log_backends_end = .

.dram0.end      0x000000003ffb0384        0x0 load address 0x000000000000127a
                0x000000003ffb0384                . = ALIGN (0x4)
                0x000000003ffb0384                . = ALIGN (0x4)
                0x000000003ffb05d0                _end = ABSOLUTE (.)
                0x000000003ffb0384                _data_end = ABSOLUTE (.)
                0x000000000000127c                _image_iram_start = LOADADDR (.iram0.vectors)
                0x0000000000002bb8                _image_iram_size = ((LOADADDR (text) + SIZEOF (text)) - _image_iram_start)
                0x0000000040080000                _image_iram_vaddr = ADDR (.iram0.vectors)

.iram0.vectors  0x0000000040080000      0x400 load address 0x000000000000127c
                0x0000000040080000                _init_start = ABSOLUTE (.)
                0x0000000000000000                . = 0x0
 *(SORT_BY_ALIGNMENT(.WindowVectors.text))
 .WindowVectors.text
                0x0000000040080000      0x16a arch/arch/xtensa/core/libarch__xtensa__core.a(window_vectors.S.obj)
                0x0000000040080000                _WindowOverflow4
                0x0000000040080040                _WindowUnderflow4
                0x0000000040080050                _xt_alloca_exc
                0x0000000040080080                _WindowOverflow8
                0x00000000400800c0                _WindowUnderflow8
                0x0000000040080100                _WindowOverflow12
                0x0000000040080140                _WindowUnderflow12
                0x0000000000000180                . = 0x180
 *fill*         0x000000004008016a       0x16 
 *(SORT_BY_ALIGNMENT(.Level2InterruptVector.text))
 .Level2InterruptVector.text
                0x0000000040080180       0x29 arch/arch/xtensa/core/libarch__xtensa__core.a(xtensa-asm2-util.S.obj)
                0x0000000040080180                _Level2Vector
                0x00000000000001c0                . = 0x1c0
 *fill*         0x00000000400801a9       0x17 
 *(SORT_BY_ALIGNMENT(.Level3InterruptVector.text))
 .Level3InterruptVector.text
                0x00000000400801c0       0x25 arch/arch/xtensa/core/libarch__xtensa__core.a(xtensa-asm2-util.S.obj)
                                         0x29 (size before relaxing)
                0x00000000400801c0                _Level3Vector
                0x0000000000000200                . = 0x200
 *fill*         0x00000000400801e5       0x1b 
 *(SORT_BY_ALIGNMENT(.Level4InterruptVector.text))
 .Level4InterruptVector.text
                0x0000000040080200       0x25 arch/arch/xtensa/core/libarch__xtensa__core.a(xtensa-asm2-util.S.obj)
                                         0x29 (size before relaxing)
                0x0000000040080200                _Level4Vector
                0x0000000000000240                . = 0x240
 *fill*         0x0000000040080225       0x1b 
 *(SORT_BY_ALIGNMENT(.Level5InterruptVector.text))
 .Level5InterruptVector.text
                0x0000000040080240       0x25 arch/arch/xtensa/core/libarch__xtensa__core.a(xtensa-asm2-util.S.obj)
                                         0x29 (size before relaxing)
                0x0000000040080240                _Level5Vector
                0x0000000000000280                . = 0x280
 *fill*         0x0000000040080265       0x1b 
 *(SORT_BY_ALIGNMENT(.DebugExceptionVector.text))
 .DebugExceptionVector.text
                0x0000000040080280       0x25 arch/arch/xtensa/core/libarch__xtensa__core.a(xtensa-asm2-util.S.obj)
                                         0x29 (size before relaxing)
                0x0000000040080280                _Level6Vector
                0x00000000000002c0                . = 0x2c0
 *fill*         0x00000000400802a5       0x1b 
 *(SORT_BY_ALIGNMENT(.NMIExceptionVector.text))
 .NMIExceptionVector.text
                0x00000000400802c0       0x25 arch/arch/xtensa/core/libarch__xtensa__core.a(xtensa-asm2-util.S.obj)
                                         0x29 (size before relaxing)
                0x00000000400802c0                _Level7Vector
                0x0000000000000300                . = 0x300
 *fill*         0x00000000400802e5       0x1b 
 *(SORT_BY_ALIGNMENT(.KernelExceptionVector.text))
 .KernelExceptionVector.text
                0x0000000040080300        0x3 arch/arch/xtensa/core/libarch__xtensa__core.a(xtensa-asm2-util.S.obj)
                0x0000000040080300                _KernelExceptionVector
                0x0000000000000340                . = 0x340
 *fill*         0x0000000040080303       0x3d 
 *(SORT_BY_ALIGNMENT(.UserExceptionVector.text))
 .UserExceptionVector.text
                0x0000000040080340       0x12 arch/arch/xtensa/core/libarch__xtensa__core.a(xtensa-asm2-util.S.obj)
                0x0000000040080340                _Level1RealVector
                0x00000000000003c0                . = 0x3c0
 *fill*         0x0000000040080352       0x6e 
 *(SORT_BY_ALIGNMENT(.DoubleExceptionVector.text))
 .DoubleExceptionVector.text
                0x00000000400803c0        0x6 arch/arch/xtensa/core/libarch__xtensa__core.a(xtensa-asm2-util.S.obj)
                0x00000000400803c0                _DoubleExceptionVector
                0x0000000000000400                . = 0x400
 *fill*         0x00000000400803c6       0x3a 
 *(SORT_BY_ALIGNMENT(.*Vector.literal))
 *(SORT_BY_ALIGNMENT(.UserEnter.literal))
 *(SORT_BY_ALIGNMENT(.UserEnter.text))
                0x0000000040080400                . = ALIGN (0x10)
 *(SORT_BY_ALIGNMENT(.entry.text))
 *(SORT_BY_ALIGNMENT(.init.literal))
 *(.init)
                0x0000000040080400                _init_end = ABSOLUTE (.)
                0x0000000000000000                _iram_start = ABSOLUTE (0x0)

text            0x0000000040080400     0x27b8 load address 0x000000000000167c
                0x0000000040080400                _iram_text_start = ABSOLUTE (.)
 *(SORT_BY_ALIGNMENT(.iram1) SORT_BY_ALIGNMENT(.iram1.*))
 .iram1.literal
                0x0000000040080400       0x1c libzephyr.a(soc.c.obj)
                                         0x28 (size before relaxing)
 .iram1.11.literal
                0x000000004008041c        0x4 libzephyr.a(soc.c.obj)
                                          0x8 (size before relaxing)
 .iram1.3.literal
                0x0000000040080420        0x4 libzephyr.a(clk.c.obj)
 .iram1.3.literal
                0x0000000040080424       0x1c arch/arch/xtensa/core/libarch__xtensa__core.a(xtensa_backtrace.c.obj)
 .iram1.literal
                0x0000000040080440        0x0 arch/arch/xtensa/core/libarch__xtensa__core.a(debug_helpers_asm.S.obj)
                                          0x4 (size before relaxing)
 .iram1.5.literal
                0x0000000040080440        0x0 drivers/interrupt_controller/libdrivers__interrupt_controller.a(intc_esp32.c.obj)
                                          0x8 (size before relaxing)
 .iram1.8.literal
                0x0000000040080440        0x4 drivers/interrupt_controller/libdrivers__interrupt_controller.a(intc_esp32.c.obj)
                                         0x10 (size before relaxing)
 .iram1.4.literal
                0x0000000040080444        0x8 drivers/gpio/libdrivers__gpio.a(gpio_esp32.c.obj)
                                         0x10 (size before relaxing)
 .literal.arch_cpu_idle
                0x000000004008044c        0x0 arch/arch/xtensa/core/libarch__xtensa__core.a(cpu_idle.c.obj)
                                          0x4 (size before relaxing)
 .literal.z_xtensa_fatal_error
                0x000000004008044c        0x0 arch/arch/xtensa/core/libarch__xtensa__core.a(fatal.c.obj)
                                          0xc (size before relaxing)
 .literal       0x000000004008044c        0x4 arch/arch/xtensa/core/libarch__xtensa__core.a(xtensa-asm2-util.S.obj)
                                          0x8 (size before relaxing)
 .literal.return_to
                0x0000000040080450        0x0 arch/arch/xtensa/core/libarch__xtensa__core.a(xtensa-asm2.c.obj)
                                          0x8 (size before relaxing)
 .literal.xtensa_init_stack
                0x0000000040080450        0x8 arch/arch/xtensa/core/libarch__xtensa__core.a(xtensa-asm2.c.obj)
                                          0xc (size before relaxing)
 .literal.arch_new_thread
                0x0000000040080458        0x0 arch/arch/xtensa/core/libarch__xtensa__core.a(xtensa-asm2.c.obj)
                                          0x4 (size before relaxing)
 .literal.z_irq_spurious
                0x0000000040080458        0x0 arch/arch/xtensa/core/libarch__xtensa__core.a(xtensa-asm2.c.obj)
                                          0x4 (size before relaxing)
 .literal.xtensa_int2_c
                0x0000000040080458        0x4 arch/arch/xtensa/core/libarch__xtensa__core.a(xtensa-asm2.c.obj)
                                          0x8 (size before relaxing)
 .literal.xtensa_int3_c
                0x000000004008045c        0x4 arch/arch/xtensa/core/libarch__xtensa__core.a(xtensa-asm2.c.obj)
                                          0xc (size before relaxing)
 .literal.xtensa_int4_c
                0x0000000040080460        0x0 arch/arch/xtensa/core/libarch__xtensa__core.a(xtensa-asm2.c.obj)
                                          0x8 (size before relaxing)
 .literal.xtensa_int5_c
                0x0000000040080460        0x0 arch/arch/xtensa/core/libarch__xtensa__core.a(xtensa-asm2.c.obj)
                                          0x8 (size before relaxing)
 .literal.xtensa_int6_c
                0x0000000040080460        0x0 arch/arch/xtensa/core/libarch__xtensa__core.a(xtensa-asm2.c.obj)
                                          0x4 (size before relaxing)
 .literal.xtensa_int7_c
                0x0000000040080460        0x0 arch/arch/xtensa/core/libarch__xtensa__core.a(xtensa-asm2.c.obj)
                                          0x8 (size before relaxing)
 .literal.xtensa_excint1_c
                0x0000000040080460        0x4 arch/arch/xtensa/core/libarch__xtensa__core.a(xtensa-asm2.c.obj)
                                         0x10 (size before relaxing)
 .literal.z_xtensa_cpu_process_stack_pc
                0x0000000040080464        0xc arch/arch/xtensa/core/libarch__xtensa__core.a(xtensa_backtrace.c.obj)
 .literal.z_xtensa_backtrace_get_next_frame
                0x0000000040080470        0x8 arch/arch/xtensa/core/libarch__xtensa__core.a(xtensa_backtrace.c.obj)
                                         0x10 (size before relaxing)
 .literal.z_xtensa_backtrace_print
                0x0000000040080478       0x14 arch/arch/xtensa/core/libarch__xtensa__core.a(xtensa_backtrace.c.obj)
                                         0x54 (size before relaxing)
 .literal.z_sys_init_run_level
                0x000000004008048c        0x4 kernel/libkernel.a(device.c.obj)
 .literal.k_sys_fatal_error_handler
                0x0000000040080490        0x0 kernel/libkernel.a(fatal.c.obj)
                                          0x4 (size before relaxing)
 .literal.z_fatal_error
                0x0000000040080490        0x0 kernel/libkernel.a(fatal.c.obj)
                                          0xc (size before relaxing)
 .literal.bg_thread_main
                0x0000000040080490        0x8 kernel/libkernel.a(init.c.obj)
                                         0x1c (size before relaxing)
 .literal.z_early_memset
                0x0000000040080498        0x0 kernel/libkernel.a(init.c.obj)
                                          0x4 (size before relaxing)
 .literal.z_bss_zero
                0x0000000040080498        0x8 kernel/libkernel.a(init.c.obj)
                                          0xc (size before relaxing)
 .literal.z_init_cpu
                0x00000000400804a0       0x10 kernel/libkernel.a(init.c.obj)
                                         0x18 (size before relaxing)
 .literal.z_cstart
                0x00000000400804b0        0xc kernel/libkernel.a(init.c.obj)
                                         0x3c (size before relaxing)
 .literal.k_heap_init
                0x00000000400804bc        0x0 kernel/libkernel.a(kheap.c.obj)
                                          0x4 (size before relaxing)
 .literal.statics_init
                0x00000000400804bc        0x8 kernel/libkernel.a(kheap.c.obj)
                                          0xc (size before relaxing)
 .literal.k_heap_aligned_alloc
                0x00000000400804c4        0x0 kernel/libkernel.a(kheap.c.obj)
                                         0x10 (size before relaxing)
 .literal.k_heap_free
                0x00000000400804c4        0x0 kernel/libkernel.a(kheap.c.obj)
                                          0xc (size before relaxing)
 .literal.z_setup_new_thread
                0x00000000400804c4        0x0 kernel/libkernel.a(thread.c.obj)
                                          0x8 (size before relaxing)
 .literal.z_init_static_threads
                0x00000000400804c4        0x8 kernel/libkernel.a(thread.c.obj)
                                         0x20 (size before relaxing)
 .literal.idle  0x00000000400804cc        0x0 kernel/libkernel.a(idle.c.obj)
                                          0x4 (size before relaxing)
 .literal.z_impl_k_sem_give
                0x00000000400804cc        0x4 kernel/libkernel.a(sem.c.obj)
                                         0x10 (size before relaxing)
 .literal.z_impl_k_sem_take
                0x00000000400804d0        0x0 kernel/libkernel.a(sem.c.obj)
                                          0x8 (size before relaxing)
 .literal.unpend_thread_no_timeout
                0x00000000400804d0        0x0 kernel/libkernel.a(sched.c.obj)
                                          0x4 (size before relaxing)
 .literal.z_reset_time_slice
                0x00000000400804d0        0x4 kernel/libkernel.a(sched.c.obj)
                                         0x10 (size before relaxing)
 .literal.z_swap_irqlock
                0x00000000400804d4        0x0 kernel/libkernel.a(sched.c.obj)
                                          0xc (size before relaxing)
 .literal.z_swap
                0x00000000400804d4        0x4 kernel/libkernel.a(sched.c.obj)
                                         0x10 (size before relaxing)
 .literal.update_cache
                0x00000000400804d8        0x4 kernel/libkernel.a(sched.c.obj)
                                          0xc (size before relaxing)
 .literal.move_thread_to_end_of_prio_q
                0x00000000400804dc        0x0 kernel/libkernel.a(sched.c.obj)
                                         0x10 (size before relaxing)
 .literal.ready_thread
                0x00000000400804dc        0x0 kernel/libkernel.a(sched.c.obj)
                                          0xc (size before relaxing)
 .literal.z_thread_timeout
                0x00000000400804dc        0x0 kernel/libkernel.a(sched.c.obj)
                                          0x8 (size before relaxing)
 .literal.unready_thread
                0x00000000400804dc        0x0 kernel/libkernel.a(sched.c.obj)
                                          0xc (size before relaxing)
 .literal.add_to_waitq_locked
                0x00000000400804dc        0x0 kernel/libkernel.a(sched.c.obj)
                                          0x4 (size before relaxing)
 .literal.pend  0x00000000400804dc        0x0 kernel/libkernel.a(sched.c.obj)
                                          0xc (size before relaxing)
 .literal.k_sched_time_slice_set
                0x00000000400804dc        0x4 kernel/libkernel.a(sched.c.obj)
                                         0x10 (size before relaxing)
 .literal.z_time_slice
                0x00000000400804e0        0x0 kernel/libkernel.a(sched.c.obj)
                                         0x18 (size before relaxing)
 .literal.z_ready_thread
                0x00000000400804e0        0x0 kernel/libkernel.a(sched.c.obj)
                                          0x4 (size before relaxing)
 .literal.z_pend_curr
                0x00000000400804e0        0x0 kernel/libkernel.a(sched.c.obj)
                                          0xc (size before relaxing)
 .literal.z_unpend_first_thread
                0x00000000400804e0        0x0 kernel/libkernel.a(sched.c.obj)
                                          0x8 (size before relaxing)
 .literal.z_unpend_thread
                0x00000000400804e0        0x0 kernel/libkernel.a(sched.c.obj)
                                          0x8 (size before relaxing)
 .literal.z_reschedule
                0x00000000400804e0        0x0 kernel/libkernel.a(sched.c.obj)
                                          0x8 (size before relaxing)
 .literal.z_sched_start
                0x00000000400804e0        0x0 kernel/libkernel.a(sched.c.obj)
                                          0xc (size before relaxing)
 .literal.z_reschedule_irqlock
                0x00000000400804e0        0x0 kernel/libkernel.a(sched.c.obj)
                                          0x4 (size before relaxing)
 .literal.z_reschedule_unlocked
                0x00000000400804e0        0x0 kernel/libkernel.a(sched.c.obj)
                                          0x4 (size before relaxing)
 .literal.z_impl_k_thread_suspend
                0x00000000400804e0        0x0 kernel/libkernel.a(sched.c.obj)
                                         0x14 (size before relaxing)
 .literal.k_sched_lock
                0x00000000400804e0        0x0 kernel/libkernel.a(sched.c.obj)
                                          0x4 (size before relaxing)
 .literal.k_sched_unlock
                0x00000000400804e0        0x0 kernel/libkernel.a(sched.c.obj)
                                          0xc (size before relaxing)
 .literal.z_swap_next_thread
                0x00000000400804e0        0x0 kernel/libkernel.a(sched.c.obj)
                                          0x4 (size before relaxing)
 .literal.z_get_next_switch_handle
                0x00000000400804e0        0x0 kernel/libkernel.a(sched.c.obj)
                                          0x4 (size before relaxing)
 .literal.z_unpend_all
                0x00000000400804e0        0x0 kernel/libkernel.a(sched.c.obj)
                                          0x8 (size before relaxing)
 .literal.z_sched_init
                0x00000000400804e0        0x0 kernel/libkernel.a(sched.c.obj)
                                          0xc (size before relaxing)
 .literal.z_impl_k_yield
                0x00000000400804e0        0x0 kernel/libkernel.a(sched.c.obj)
                                         0x18 (size before relaxing)
 .literal.z_tick_sleep
                0x00000000400804e0        0x0 kernel/libkernel.a(sched.c.obj)
                                         0x24 (size before relaxing)
 .literal.z_impl_k_sleep
                0x00000000400804e0        0x4 kernel/libkernel.a(sched.c.obj)
                                         0x10 (size before relaxing)
 .literal.z_impl_z_current_get
                0x00000000400804e4        0x0 kernel/libkernel.a(sched.c.obj)
                                          0x4 (size before relaxing)
 .literal.z_thread_abort
                0x00000000400804e4        0x0 kernel/libkernel.a(sched.c.obj)
                                         0x2c (size before relaxing)
 .literal.z_impl_k_thread_abort
                0x00000000400804e4        0x0 kernel/libkernel.a(sched.c.obj)
                                          0x4 (size before relaxing)
 .literal.elapsed
                0x00000000400804e4        0x4 kernel/libkernel.a(timeout.c.obj)
                                          0x8 (size before relaxing)
 .literal.next_timeout
                0x00000000400804e8        0x4 kernel/libkernel.a(timeout.c.obj)
                                         0x14 (size before relaxing)
 .literal.remove_timeout
                0x00000000400804ec        0x0 kernel/libkernel.a(timeout.c.obj)
                                          0x4 (size before relaxing)
 .literal.z_add_timeout
                0x00000000400804ec        0x4 kernel/libkernel.a(timeout.c.obj)
                                         0x18 (size before relaxing)
 .literal.z_abort_timeout
                0x00000000400804f0        0x0 kernel/libkernel.a(timeout.c.obj)
                                          0x4 (size before relaxing)
 .literal.z_set_timeout_expiry
                0x00000000400804f0        0x0 kernel/libkernel.a(timeout.c.obj)
                                          0x8 (size before relaxing)
 .literal.sys_clock_announce
                0x00000000400804f0        0x0 kernel/libkernel.a(timeout.c.obj)
                                         0x1c (size before relaxing)
 .literal.sys_clock_tick_get
                0x00000000400804f0        0x0 kernel/libkernel.a(timeout.c.obj)
                                          0x8 (size before relaxing)
 .literal.sys_clock_tick_get_32
                0x00000000400804f0        0x0 kernel/libkernel.a(timeout.c.obj)
                                          0x4 (size before relaxing)
 .literal.sys_clock_timeout_end_calc
                0x00000000400804f0        0x0 kernel/libkernel.a(timeout.c.obj)
                                          0x8 (size before relaxing)
 .literal.k_free
                0x00000000400804f0        0x0 kernel/libkernel.a(mempool.c.obj)
                                          0x4 (size before relaxing)
 .literal.boot_banner
                0x00000000400804f0        0xc kernel/libkernel.a(banner.c.obj)
                                         0x10 (size before relaxing)
 .literal       0x00000000400804fc        0x4 libzephyr.a(windowspill_asm.S.obj)
 .literal.ccompare_isr
                0x0000000040080500        0x8 drivers/timer/libdrivers__timer.a(xtensa_sys_timer.c.obj)
                                          0xc (size before relaxing)
 .literal.sys_clock_set_timeout
                0x0000000040080508        0x8 drivers/timer/libdrivers__timer.a(xtensa_sys_timer.c.obj)
                                         0x10 (size before relaxing)
 .literal.sys_clock_elapsed
                0x0000000040080510        0x0 drivers/timer/libdrivers__timer.a(xtensa_sys_timer.c.obj)
                                          0x8 (size before relaxing)
 .literal.encode_uint
                0x0000000040080510        0x4 libzephyr.a(cbprintf_complete.c.obj)
                                          0x8 (size before relaxing)
 .literal.z_cbvprintf_impl
                0x0000000040080514       0x24 libzephyr.a(cbprintf_complete.c.obj)
                                         0x40 (size before relaxing)
 .literal.char_out
                0x0000000040080538        0x4 libzephyr.a(printk.c.obj)
 .literal.vprintk
                0x000000004008053c        0x4 libzephyr.a(printk.c.obj)
                                          0x8 (size before relaxing)
 .literal.printk
                0x0000000040080540        0x0 libzephyr.a(printk.c.obj)
                                          0x4 (size before relaxing)
 .literal.console_out
                0x0000000040080540        0x4 drivers/console/libdrivers__console.a(uart_console.c.obj)
 .literal.__start
                0x0000000040080544        0x0 libzephyr.a(loader.c.obj)
                                          0x4 (size before relaxing)
 .iram1         0x0000000040080544       0x47 libzephyr.a(soc.c.obj)
                                         0x4f (size before relaxing)
                0x0000000040080544                __esp_platform_start
 *fill*         0x000000004008058b        0x1 
 .iram1.11      0x000000004008058c       0x1b libzephyr.a(soc.c.obj)
                0x000000004008058c                arch_printk_char_out
 *fill*         0x00000000400805a7        0x1 
 .iram1.3       0x00000000400805a8        0xa libzephyr.a(clk.c.obj)
                0x00000000400805a8                ets_update_cpu_frequency
 *fill*         0x00000000400805b2        0x2 
 .iram1.3       0x00000000400805b4       0x41 arch/arch/xtensa/core/libarch__xtensa__core.a(xtensa_backtrace.c.obj)
 *fill*         0x00000000400805f5        0x3 
 .iram1         0x00000000400805f8       0x1a arch/arch/xtensa/core/libarch__xtensa__core.a(debug_helpers_asm.S.obj)
                0x00000000400805f8                z_xtensa_backtrace_get_start
 *fill*         0x0000000040080612        0x2 
 .iram1.5       0x0000000040080614       0x33 drivers/interrupt_controller/libdrivers__interrupt_controller.a(intc_esp32.c.obj)
                                         0x3a (size before relaxing)
 *fill*         0x0000000040080647        0x1 
 .iram1.8       0x0000000040080648       0xae drivers/interrupt_controller/libdrivers__interrupt_controller.a(intc_esp32.c.obj)
                                         0xb2 (size before relaxing)
                0x0000000040080648                esp_intr_disable
 *fill*         0x00000000400806f6        0x2 
 .iram1.4       0x00000000400806f8       0x11 drivers/gpio/libdrivers__gpio.a(gpio_esp32.c.obj)
                                         0x17 (size before relaxing)
 *fill*         0x0000000040080709        0x0 
 *fill*         0x0000000040080709        0x0 
 *fill*         0x0000000040080709        0x0 
 *fill*         0x0000000040080709        0x0 
 *fill*         0x0000000040080709        0x0 
 *fill*         0x0000000040080709        0x0 
 *fill*         0x0000000040080709        0x3 
 .iram1.3       0x000000004008070c       0xa6 drivers/gpio/libdrivers__gpio.a(gpio_esp32.c.obj)
 *fill*         0x00000000400807b2        0x0 
 *(SORT_BY_ALIGNMENT(.iram0.literal) SORT_BY_ALIGNMENT(.iram.literal) SORT_BY_ALIGNMENT(.iram.text.literal) SORT_BY_ALIGNMENT(.iram0.text) SORT_BY_ALIGNMENT(.iram.text))
 *fill*         0x00000000400807b2        0x2 
 .iram0.text    0x00000000400807b4       0x2d arch/arch/xtensa/core/libarch__xtensa__core.a(xtensa-asm2-util.S.obj)
                0x00000000400807b4                _Level1Vector
 *fill*         0x00000000400807e1        0x0 
 *libesp32.a:panic.*(SORT_BY_ALIGNMENT(.literal) SORT_BY_ALIGNMENT(.text) SORT_BY_ALIGNMENT(.literal.*) SORT_BY_ALIGNMENT(.text.*))
 *librtc.a:(SORT_BY_ALIGNMENT(.literal) SORT_BY_ALIGNMENT(.text) SORT_BY_ALIGNMENT(.literal.*) SORT_BY_ALIGNMENT(.text.*))
 *libsubsys__net__l2__ethernet.a:(SORT_BY_ALIGNMENT(.literal) SORT_BY_ALIGNMENT(.text) SORT_BY_ALIGNMENT(.literal.*) SORT_BY_ALIGNMENT(.text.*))
 *libsubsys__net__lib__config.a:(SORT_BY_ALIGNMENT(.literal) SORT_BY_ALIGNMENT(.text) SORT_BY_ALIGNMENT(.literal.*) SORT_BY_ALIGNMENT(.text.*))
 *libsubsys__net__ip.a:(SORT_BY_ALIGNMENT(.literal) SORT_BY_ALIGNMENT(.text) SORT_BY_ALIGNMENT(.literal.*) SORT_BY_ALIGNMENT(.text.*))
 *libsubsys__net.a:(SORT_BY_ALIGNMENT(.literal) SORT_BY_ALIGNMENT(.text) SORT_BY_ALIGNMENT(.literal.*) SORT_BY_ALIGNMENT(.text.*))
 *libarch__xtensa__core.a:(SORT_BY_ALIGNMENT(.literal) SORT_BY_ALIGNMENT(.text) SORT_BY_ALIGNMENT(.literal.*) SORT_BY_ALIGNMENT(.text.*))
 *fill*         0x00000000400807e1        0x3 
 .text.arch_cpu_idle
                0x00000000400807e4        0xb arch/arch/xtensa/core/libarch__xtensa__core.a(cpu_idle.c.obj)
                                          0xe (size before relaxing)
                0x00000000400807e4                arch_cpu_idle
 *fill*         0x00000000400807ef        0x1 
 .text.z_xtensa_fatal_error
                0x00000000400807f0       0x26 arch/arch/xtensa/core/libarch__xtensa__core.a(fatal.c.obj)
                                         0x2e (size before relaxing)
                0x00000000400807f0                z_xtensa_fatal_error
 *fill*         0x0000000040080816        0x2 
 .text          0x0000000040080818      0x208 arch/arch/xtensa/core/libarch__xtensa__core.a(xtensa-asm2-util.S.obj)
                0x0000000040080818                xtensa_spill_reg_windows
                0x0000000040080838                xtensa_save_high_regs
                0x0000000040080880                xtensa_restore_high_regs
                0x00000000400808b5                _restore_context
                0x00000000400808ec                xtensa_arch_except
                0x00000000400808ef                xtensa_arch_except_epc
                0x00000000400808f4                xtensa_switch
 .text.return_to
                0x0000000040080a20       0x14 arch/arch/xtensa/core/libarch__xtensa__core.a(xtensa-asm2.c.obj)
                                         0x18 (size before relaxing)
 .text.xtensa_init_stack
                0x0000000040080a34       0x5c arch/arch/xtensa/core/libarch__xtensa__core.a(xtensa-asm2.c.obj)
                0x0000000040080a34                xtensa_init_stack
 .text.arch_new_thread
                0x0000000040080a90       0x1a arch/arch/xtensa/core/libarch__xtensa__core.a(xtensa-asm2.c.obj)
                0x0000000040080a90                arch_new_thread
 *fill*         0x0000000040080aaa        0x2 
 .text.z_irq_spurious
                0x0000000040080aac       0x12 arch/arch/xtensa/core/libarch__xtensa__core.a(xtensa-asm2.c.obj)
                                         0x16 (size before relaxing)
                0x0000000040080aac                z_irq_spurious
 *fill*         0x0000000040080abe        0x2 
 .text.xtensa_int2_c
                0x0000000040080ac0       0x5a arch/arch/xtensa/core/libarch__xtensa__core.a(xtensa-asm2.c.obj)
                0x0000000040080ac0                xtensa_int2_c
 *fill*         0x0000000040080b1a        0x2 
 .text.xtensa_int3_c
                0x0000000040080b1c       0x82 arch/arch/xtensa/core/libarch__xtensa__core.a(xtensa-asm2.c.obj)
                0x0000000040080b1c                xtensa_int3_c
 *fill*         0x0000000040080b9e        0x2 
 .text.xtensa_int4_c
                0x0000000040080ba0       0x6a arch/arch/xtensa/core/libarch__xtensa__core.a(xtensa-asm2.c.obj)
                0x0000000040080ba0                xtensa_int4_c
 *fill*         0x0000000040080c0a        0x2 
 .text.xtensa_int5_c
                0x0000000040080c0c       0x5e arch/arch/xtensa/core/libarch__xtensa__core.a(xtensa-asm2.c.obj)
                0x0000000040080c0c                xtensa_int5_c
 *fill*         0x0000000040080c6a        0x2 
 .text.xtensa_int6_c
                0x0000000040080c6c       0x15 arch/arch/xtensa/core/libarch__xtensa__core.a(xtensa-asm2.c.obj)
                0x0000000040080c6c                xtensa_int6_c
 *fill*         0x0000000040080c81        0x3 
 .text.xtensa_int7_c
                0x0000000040080c84       0x36 arch/arch/xtensa/core/libarch__xtensa__core.a(xtensa-asm2.c.obj)
                0x0000000040080c84                xtensa_int7_c
 *fill*         0x0000000040080cba        0x2 
 .text.xtensa_excint1_c
                0x0000000040080cbc      0x168 arch/arch/xtensa/core/libarch__xtensa__core.a(xtensa-asm2.c.obj)
                                        0x16c (size before relaxing)
                0x0000000040080cbc                xtensa_excint1_c
 .text.z_xtensa_cpu_process_stack_pc
                0x0000000040080e24       0x2b arch/arch/xtensa/core/libarch__xtensa__core.a(xtensa_backtrace.c.obj)
 *fill*         0x0000000040080e4f        0x1 
 .text.z_xtensa_backtrace_get_next_frame
                0x0000000040080e50       0x39 arch/arch/xtensa/core/libarch__xtensa__core.a(xtensa_backtrace.c.obj)
                                         0x3d (size before relaxing)
                0x0000000040080e50                z_xtensa_backtrace_get_next_frame
 *fill*         0x0000000040080e89        0x3 
 .text.z_xtensa_backtrace_print
                0x0000000040080e8c       0xd2 arch/arch/xtensa/core/libarch__xtensa__core.a(xtensa_backtrace.c.obj)
                                         0xf6 (size before relaxing)
                0x0000000040080e8c                z_xtensa_backtrace_print
 *fill*         0x0000000040080f5e        0x0 
 *fill*         0x0000000040080f5e        0x0 
 *fill*         0x0000000040080f5e        0x0 
 *fill*         0x0000000040080f5e        0x0 
 *fill*         0x0000000040080f5e        0x2 
 .text.z_xtensa_dump_stack
                0x0000000040080f60        0x5 arch/arch/xtensa/core/libarch__xtensa__core.a(xtensa-asm2.c.obj)
                0x0000000040080f60                z_xtensa_dump_stack
 *fill*         0x0000000040080f65        0x0 
 *fill*         0x0000000040080f65        0x0 
 *fill*         0x0000000040080f65        0x0 
 *fill*         0x0000000040080f65        0x0 
 *fill*         0x0000000040080f65        0x0 
 *fill*         0x0000000040080f65        0x0 
 *fill*         0x0000000040080f65        0x0 
 *fill*         0x0000000040080f65        0x0 
 *fill*         0x0000000040080f65        0x0 
 *libkernel.a:(SORT_BY_ALIGNMENT(.literal) SORT_BY_ALIGNMENT(.text) SORT_BY_ALIGNMENT(.literal.*) SORT_BY_ALIGNMENT(.text.*))
 *fill*         0x0000000040080f65        0x3 
 .text.z_sys_init_run_level
                0x0000000040080f68       0x43 kernel/libkernel.a(device.c.obj)
                0x0000000040080f68                z_sys_init_run_level
 *fill*         0x0000000040080fab        0x1 
 .text.k_sys_fatal_error_handler
                0x0000000040080fac        0x8 kernel/libkernel.a(fatal.c.obj)
                                          0xc (size before relaxing)
                0x0000000040080fac                k_sys_fatal_error_handler
 .text.z_fatal_error
                0x0000000040080fb4       0x20 kernel/libkernel.a(fatal.c.obj)
                                         0x28 (size before relaxing)
                0x0000000040080fb4                z_fatal_error
 .text.bg_thread_main
                0x0000000040080fd4       0x2e kernel/libkernel.a(init.c.obj)
                                         0x3e (size before relaxing)
 *fill*         0x0000000040081002        0x2 
 .text.z_early_memset
                0x0000000040081004        0xe kernel/libkernel.a(init.c.obj)
                                         0x12 (size before relaxing)
                0x0000000040081004                z_early_memset
 *fill*         0x0000000040081012        0x2 
 .text.z_bss_zero
                0x0000000040081014       0x13 kernel/libkernel.a(init.c.obj)
                                         0x16 (size before relaxing)
                0x0000000040081014                z_bss_zero
 *fill*         0x0000000040081027        0x1 
 .text.z_init_cpu
                0x0000000040081028       0x5a kernel/libkernel.a(init.c.obj)
                                         0x5e (size before relaxing)
                0x0000000040081028                z_init_cpu
 *fill*         0x0000000040081082        0x2 
 .text.z_cstart
                0x0000000040081084       0x8f kernel/libkernel.a(init.c.obj)
                                         0xaf (size before relaxing)
                0x0000000040081084                z_cstart
 *fill*         0x0000000040081113        0x1 
 .text.k_heap_init
                0x0000000040081114       0x17 kernel/libkernel.a(kheap.c.obj)
                0x0000000040081114                k_heap_init
 *fill*         0x000000004008112b        0x1 
 .text.statics_init
                0x000000004008112c       0x22 kernel/libkernel.a(kheap.c.obj)
 *fill*         0x000000004008114e        0x2 
 .text.k_heap_aligned_alloc
                0x0000000040081150       0x67 kernel/libkernel.a(kheap.c.obj)
                                         0x6f (size before relaxing)
                0x0000000040081150                k_heap_aligned_alloc
 *fill*         0x00000000400811b7        0x1 
 .text.k_heap_free
                0x00000000400811b8       0x28 kernel/libkernel.a(kheap.c.obj)
                                         0x30 (size before relaxing)
                0x00000000400811b8                k_heap_free
 .text.z_setup_new_thread
                0x00000000400811e0       0x51 kernel/libkernel.a(thread.c.obj)
                                         0x55 (size before relaxing)
                0x00000000400811e0                z_setup_new_thread
 *fill*         0x0000000040081231        0x3 
 .text.z_init_static_threads
                0x0000000040081234       0x78 kernel/libkernel.a(thread.c.obj)
                                         0x82 (size before relaxing)
                0x0000000040081234                z_init_static_threads
 *fill*         0x00000000400812ac        0x0 
 .text.idle     0x00000000400812ac        0xc kernel/libkernel.a(idle.c.obj)
                                          0xf (size before relaxing)
                0x00000000400812ac                idle
 *fill*         0x00000000400812b8        0x0 
 .text.z_impl_k_sem_give
                0x00000000400812b8       0x3a kernel/libkernel.a(sem.c.obj)
                                         0x3e (size before relaxing)
                0x00000000400812b8                z_impl_k_sem_give
 *fill*         0x00000000400812f2        0x2 
 .text.z_impl_k_sem_take
                0x00000000400812f4       0x3a kernel/libkernel.a(sem.c.obj)
                                         0x3d (size before relaxing)
                0x00000000400812f4                z_impl_k_sem_take
 *fill*         0x000000004008132e        0x2 
 .text.unpend_thread_no_timeout
                0x0000000040081330       0x19 kernel/libkernel.a(sched.c.obj)
                                         0x1d (size before relaxing)
 *fill*         0x0000000040081349        0x3 
 .text.z_reset_time_slice
                0x000000004008134c       0x1f kernel/libkernel.a(sched.c.obj)
                                         0x23 (size before relaxing)
                0x000000004008134c                z_reset_time_slice
 *fill*         0x000000004008136b        0x1 
 .text.z_swap_irqlock
                0x000000004008136c       0x35 kernel/libkernel.a(sched.c.obj)
                                         0x39 (size before relaxing)
 *fill*         0x00000000400813a1        0x3 
 .text.z_swap   0x00000000400813a4       0x3a kernel/libkernel.a(sched.c.obj)
                                         0x3e (size before relaxing)
 *fill*         0x00000000400813de        0x2 
 .text.update_cache
                0x00000000400813e0       0x4a kernel/libkernel.a(sched.c.obj)
 *fill*         0x000000004008142a        0x2 
 .text.move_thread_to_end_of_prio_q
                0x000000004008142c       0x78 kernel/libkernel.a(sched.c.obj)
                                         0x7c (size before relaxing)
 .text.ready_thread
                0x00000000400814a4       0x6e kernel/libkernel.a(sched.c.obj)
 *fill*         0x0000000040081512        0x2 
 .text.z_thread_timeout
                0x0000000040081514       0x34 kernel/libkernel.a(sched.c.obj)
                                         0x38 (size before relaxing)
                0x0000000040081514                z_thread_timeout
 .text.unready_thread
                0x0000000040081548       0x2e kernel/libkernel.a(sched.c.obj)
                                         0x32 (size before relaxing)
 *fill*         0x0000000040081576        0x2 
 .text.add_to_waitq_locked
                0x0000000040081578       0x58 kernel/libkernel.a(sched.c.obj)
                                         0x5c (size before relaxing)
 .text.pend     0x00000000400815d0       0x2a kernel/libkernel.a(sched.c.obj)
                                         0x2e (size before relaxing)
 *fill*         0x00000000400815fa        0x2 
 .text.k_sched_time_slice_set
                0x00000000400815fc       0x35 kernel/libkernel.a(sched.c.obj)
                0x00000000400815fc                k_sched_time_slice_set
 *fill*         0x0000000040081631        0x3 
 .text.z_time_slice
                0x0000000040081634       0x68 kernel/libkernel.a(sched.c.obj)
                                         0x6c (size before relaxing)
                0x0000000040081634                z_time_slice
 .text.z_ready_thread
                0x000000004008169c       0x13 kernel/libkernel.a(sched.c.obj)
                                         0x16 (size before relaxing)
                0x000000004008169c                z_ready_thread
 *fill*         0x00000000400816af        0x1 
 .text.z_pend_curr
                0x00000000400816b0       0x1e kernel/libkernel.a(sched.c.obj)
                                         0x22 (size before relaxing)
                0x00000000400816b0                z_pend_curr
 *fill*         0x00000000400816ce        0x2 
 .text.z_unpend_first_thread
                0x00000000400816d0       0x2a kernel/libkernel.a(sched.c.obj)
                                         0x2e (size before relaxing)
                0x00000000400816d0                z_unpend_first_thread
 *fill*         0x00000000400816fa        0x2 
 .text.z_unpend_thread
                0x00000000400816fc       0x1b kernel/libkernel.a(sched.c.obj)
                                         0x1f (size before relaxing)
                0x00000000400816fc                z_unpend_thread
 *fill*         0x0000000040081717        0x1 
 .text.z_reschedule
                0x0000000040081718       0x2c kernel/libkernel.a(sched.c.obj)
                                         0x30 (size before relaxing)
                0x0000000040081718                z_reschedule
 .text.z_sched_start
                0x0000000040081744       0x32 kernel/libkernel.a(sched.c.obj)
                                         0x36 (size before relaxing)
                0x0000000040081744                z_sched_start
 *fill*         0x0000000040081776        0x2 
 .text.z_reschedule_irqlock
                0x0000000040081778       0x24 kernel/libkernel.a(sched.c.obj)
                0x0000000040081778                z_reschedule_irqlock
 .text.z_reschedule_unlocked
                0x000000004008179c        0xb kernel/libkernel.a(sched.c.obj)
                                          0xe (size before relaxing)
 *fill*         0x00000000400817a7        0x1 
 .text.z_impl_k_thread_suspend
                0x00000000400817a8       0x4f kernel/libkernel.a(sched.c.obj)
                                         0x5b (size before relaxing)
                0x00000000400817a8                z_impl_k_thread_suspend
 *fill*         0x00000000400817f7        0x1 
 .text.k_sched_lock
                0x00000000400817f8       0x1b kernel/libkernel.a(sched.c.obj)
                0x00000000400817f8                k_sched_lock
 *fill*         0x0000000040081813        0x1 
 .text.k_sched_unlock
                0x0000000040081814       0x26 kernel/libkernel.a(sched.c.obj)
                                         0x2a (size before relaxing)
                0x0000000040081814                k_sched_unlock
 *fill*         0x000000004008183a        0x2 
 .text.z_swap_next_thread
                0x000000004008183c        0xa kernel/libkernel.a(sched.c.obj)
                0x000000004008183c                z_swap_next_thread
 *fill*         0x0000000040081846        0x2 
 .text.z_get_next_switch_handle
                0x0000000040081848       0x14 kernel/libkernel.a(sched.c.obj)
                0x0000000040081848                z_get_next_switch_handle
 .text.z_unpend_all
                0x000000004008185c       0x24 kernel/libkernel.a(sched.c.obj)
                                         0x28 (size before relaxing)
                0x000000004008185c                z_unpend_all
 .text.z_sched_init
                0x0000000040081880       0x16 kernel/libkernel.a(sched.c.obj)
                                         0x1a (size before relaxing)
                0x0000000040081880                z_sched_init
 *fill*         0x0000000040081896        0x2 
 .text.z_impl_k_yield
                0x0000000040081898       0x7a kernel/libkernel.a(sched.c.obj)
                                         0x7e (size before relaxing)
                0x0000000040081898                z_impl_k_yield
 *fill*         0x0000000040081912        0x2 
 .text.z_tick_sleep
                0x0000000040081914       0x6a kernel/libkernel.a(sched.c.obj)
                                         0x7a (size before relaxing)
 *fill*         0x000000004008197e        0x2 
 .text.z_impl_k_sleep
                0x0000000040081980       0x31 kernel/libkernel.a(sched.c.obj)
                                         0x35 (size before relaxing)
                0x0000000040081980                z_impl_k_sleep
 *fill*         0x00000000400819b1        0x3 
 .text.z_impl_z_current_get
                0x00000000400819b4        0xa kernel/libkernel.a(sched.c.obj)
                0x00000000400819b4                z_impl_z_current_get
 *fill*         0x00000000400819be        0x2 
 .text.z_thread_abort
                0x00000000400819c0       0xa4 kernel/libkernel.a(sched.c.obj)
                                         0xbc (size before relaxing)
                0x00000000400819c0                z_thread_abort
 .text.z_impl_k_thread_abort
                0x0000000040081a64        0xa kernel/libkernel.a(sched.c.obj)
                                          0xe (size before relaxing)
                0x0000000040081a64                z_impl_k_thread_abort
 *fill*         0x0000000040081a6e        0x2 
 .text.elapsed  0x0000000040081a70       0x14 kernel/libkernel.a(timeout.c.obj)
                                         0x18 (size before relaxing)
 .text.next_timeout
                0x0000000040081a84       0x56 kernel/libkernel.a(timeout.c.obj)
 *fill*         0x0000000040081ada        0x2 
 .text.remove_timeout
                0x0000000040081adc       0x3a kernel/libkernel.a(timeout.c.obj)
 *fill*         0x0000000040081b16        0x2 
 .text.z_add_timeout
                0x0000000040081b18      0x10f kernel/libkernel.a(timeout.c.obj)
                                        0x116 (size before relaxing)
                0x0000000040081b18                z_add_timeout
 *fill*         0x0000000040081c27        0x1 
 .text.z_abort_timeout
                0x0000000040081c28       0x1e kernel/libkernel.a(timeout.c.obj)
                                         0x22 (size before relaxing)
                0x0000000040081c28                z_abort_timeout
 *fill*         0x0000000040081c46        0x2 
 .text.z_set_timeout_expiry
                0x0000000040081c48       0x35 kernel/libkernel.a(timeout.c.obj)
                                         0x3c (size before relaxing)
                0x0000000040081c48                z_set_timeout_expiry
 *fill*         0x0000000040081c7d        0x3 
 .text.sys_clock_announce
                0x0000000040081c80       0xb5 kernel/libkernel.a(timeout.c.obj)
                                         0xbd (size before relaxing)
                0x0000000040081c80                sys_clock_announce
 *fill*         0x0000000040081d35        0x3 
 .text.sys_clock_tick_get
                0x0000000040081d38       0x28 kernel/libkernel.a(timeout.c.obj)
                                         0x2c (size before relaxing)
                0x0000000040081d38                sys_clock_tick_get
 .text.sys_clock_tick_get_32
                0x0000000040081d60        0xa kernel/libkernel.a(timeout.c.obj)
                                          0xd (size before relaxing)
                0x0000000040081d60                sys_clock_tick_get_32
 *fill*         0x0000000040081d6a        0x2 
 .text.sys_clock_timeout_end_calc
                0x0000000040081d6c       0x54 kernel/libkernel.a(timeout.c.obj)
                                         0x58 (size before relaxing)
                0x0000000040081d6c                sys_clock_timeout_end_calc
 .text.k_free   0x0000000040081dc0       0x14 kernel/libkernel.a(mempool.c.obj)
                0x0000000040081dc0                k_free
 .text.boot_banner
                0x0000000040081dd4       0x11 kernel/libkernel.a(banner.c.obj)
                                         0x14 (size before relaxing)
                0x0000000040081dd4                boot_banner
 *fill*         0x0000000040081de5        0x3 
 .text.z_device_state_init
                0x0000000040081de8        0x5 kernel/libkernel.a(device.c.obj)
                0x0000000040081de8                z_device_state_init
 *fill*         0x0000000040081ded        0x0 
 *fill*         0x0000000040081ded        0x3 
 .text.z_device_is_ready
                0x0000000040081df0       0x20 kernel/libkernel.a(device.c.obj)
                0x0000000040081df0                z_device_is_ready
 .text.arch_system_halt
                0x0000000040081e10        0x9 kernel/libkernel.a(fatal.c.obj)
                0x0000000040081e10                arch_system_halt
 *fill*         0x0000000040081e19        0x0 
 *fill*         0x0000000040081e19        0x0 
 *fill*         0x0000000040081e19        0x0 
 *fill*         0x0000000040081e19        0x0 
 *fill*         0x0000000040081e19        0x0 
 *fill*         0x0000000040081e19        0x0 
 *fill*         0x0000000040081e19        0x0 
 *fill*         0x0000000040081e19        0x0 
 *fill*         0x0000000040081e19        0x0 
 *fill*         0x0000000040081e19        0x0 
 *fill*         0x0000000040081e19        0x0 
 *fill*         0x0000000040081e19        0x0 
 *fill*         0x0000000040081e19        0x0 
 *fill*         0x0000000040081e19        0x3 
 .text.sys_dlist_remove
                0x0000000040081e1c       0x13 kernel/libkernel.a(sched.c.obj)
 *fill*         0x0000000040081e2f        0x0 
 *fill*         0x0000000040081e2f        0x0 
 *fill*         0x0000000040081e2f        0x0 
 *fill*         0x0000000040081e2f        0x0 
 *fill*         0x0000000040081e2f        0x0 
 *fill*         0x0000000040081e2f        0x0 
 *fill*         0x0000000040081e2f        0x0 
 *fill*         0x0000000040081e2f        0x0 
 *fill*         0x0000000040081e2f        0x0 
 *fill*         0x0000000040081e2f        0x0 
 *fill*         0x0000000040081e2f        0x0 
 *fill*         0x0000000040081e2f        0x0 
 *fill*         0x0000000040081e2f        0x0 
 *fill*         0x0000000040081e2f        0x0 
 *fill*         0x0000000040081e2f        0x0 
 *fill*         0x0000000040081e2f        0x0 
 *fill*         0x0000000040081e2f        0x0 
 *fill*         0x0000000040081e2f        0x0 
 *fill*         0x0000000040081e2f        0x0 
 *fill*         0x0000000040081e2f        0x0 
 *fill*         0x0000000040081e2f        0x0 
 *fill*         0x0000000040081e2f        0x0 
 *fill*         0x0000000040081e2f        0x0 
 *fill*         0x0000000040081e2f        0x0 
 *fill*         0x0000000040081e2f        0x0 
 *fill*         0x0000000040081e2f        0x0 
 *fill*         0x0000000040081e2f        0x0 
 *fill*         0x0000000040081e2f        0x0 
 *fill*         0x0000000040081e2f        0x0 
 *fill*         0x0000000040081e2f        0x0 
 *fill*         0x0000000040081e2f        0x0 
 *fill*         0x0000000040081e2f        0x0 
 *libsoc.a:rtc_*.*(SORT_BY_ALIGNMENT(.literal) SORT_BY_ALIGNMENT(.text) SORT_BY_ALIGNMENT(.literal.*) SORT_BY_ALIGNMENT(.text.*))
 *libsoc.a:cpu_util.*(SORT_BY_ALIGNMENT(.literal) SORT_BY_ALIGNMENT(.text) SORT_BY_ALIGNMENT(.literal.*) SORT_BY_ALIGNMENT(.text.*))
 *libgcc.a:lib2funcs.*(SORT_BY_ALIGNMENT(.literal) SORT_BY_ALIGNMENT(.text) SORT_BY_ALIGNMENT(.literal.*) SORT_BY_ALIGNMENT(.text.*))
 *libdrivers__flash.a:flash_esp32.*(SORT_BY_ALIGNMENT(.literal) SORT_BY_ALIGNMENT(.text) SORT_BY_ALIGNMENT(.literal.*) SORT_BY_ALIGNMENT(.text.*))
 *libzephyr.a:spi_flash_rom_patch.*(SORT_BY_ALIGNMENT(.literal) SORT_BY_ALIGNMENT(.text) SORT_BY_ALIGNMENT(.literal.*) SORT_BY_ALIGNMENT(.text.*))
 *libzephyr.a:windowspill_asm.*(SORT_BY_ALIGNMENT(.literal) SORT_BY_ALIGNMENT(.text) SORT_BY_ALIGNMENT(.literal.*) SORT_BY_ALIGNMENT(.text.*))
 *fill*         0x0000000040081e2f        0x1 
 .text          0x0000000040081e30      0x137 libzephyr.a(windowspill_asm.S.obj)
                0x0000000040081e30                xthal_window_spill_nw
                0x0000000040081e30                xthal_spill_registers_into_stack_nw
                0x0000000040081f44                xthal_window_spill
 *libzephyr.a:log_noos.*(SORT_BY_ALIGNMENT(.literal) SORT_BY_ALIGNMENT(.text) SORT_BY_ALIGNMENT(.literal.*) SORT_BY_ALIGNMENT(.text.*))
 *libdrivers__timer.a:xtensa_sys_timer.*(SORT_BY_ALIGNMENT(.literal) SORT_BY_ALIGNMENT(.text) SORT_BY_ALIGNMENT(.literal.*) SORT_BY_ALIGNMENT(.text.*))
 *fill*         0x0000000040081f67        0x1 
 .text.ccompare_isr
                0x0000000040081f68       0x32 drivers/timer/libdrivers__timer.a(xtensa_sys_timer.c.obj)
                                         0x36 (size before relaxing)
 *fill*         0x0000000040081f9a        0x2 
 .text.sys_clock_set_timeout
                0x0000000040081f9c       0x64 drivers/timer/libdrivers__timer.a(xtensa_sys_timer.c.obj)
                0x0000000040081f9c                sys_clock_set_timeout
 .text.sys_clock_elapsed
                0x0000000040082000       0x22 drivers/timer/libdrivers__timer.a(xtensa_sys_timer.c.obj)
                0x0000000040082000                sys_clock_elapsed
 *fill*         0x0000000040082022        0x0 
 *fill*         0x0000000040082022        0x2 
 .text.sys_clock_driver_init
                0x0000000040082024       0x23 drivers/timer/libdrivers__timer.a(xtensa_sys_timer.c.obj)
 *fill*         0x0000000040082047        0x0 
 *libzephyr.a:log_core.*(SORT_BY_ALIGNMENT(.literal) SORT_BY_ALIGNMENT(.text) SORT_BY_ALIGNMENT(.literal.*) SORT_BY_ALIGNMENT(.text.*))
 *libzephyr.a:cbprintf_complete.*(SORT_BY_ALIGNMENT(.literal) SORT_BY_ALIGNMENT(.text) SORT_BY_ALIGNMENT(.literal.*) SORT_BY_ALIGNMENT(.text.*))
 *fill*         0x0000000040082047        0x1 
 .text.encode_uint
                0x0000000040082048       0xb8 libzephyr.a(cbprintf_complete.c.obj)
 .text.z_cbvprintf_impl
                0x0000000040082100      0x981 libzephyr.a(cbprintf_complete.c.obj)
                                        0x985 (size before relaxing)
                0x0000000040082100                z_cbvprintf_impl
 *fill*         0x0000000040082a81        0x3 
 .text.outs     0x0000000040082a84       0x2d libzephyr.a(cbprintf_complete.c.obj)
 *fill*         0x0000000040082ab1        0x0 
 *libzephyr.a:printk.*(SORT_BY_ALIGNMENT(.literal.printk) SORT_BY_ALIGNMENT(.literal.vprintk) SORT_BY_ALIGNMENT(.literal.char_out) SORT_BY_ALIGNMENT(.text.printk) SORT_BY_ALIGNMENT(.text.vprintk) SORT_BY_ALIGNMENT(.text.char_out))
 *fill*         0x0000000040082ab1        0x3 
 .text.char_out
                0x0000000040082ab4       0x11 libzephyr.a(printk.c.obj)
 *fill*         0x0000000040082ac5        0x3 
 .text.vprintk  0x0000000040082ac8       0x1a libzephyr.a(printk.c.obj)
                0x0000000040082ac8                vprintk
 *fill*         0x0000000040082ae2        0x2 
 .text.printk   0x0000000040082ae4       0x22 libzephyr.a(printk.c.obj)
                                         0x26 (size before relaxing)
                0x0000000040082ae4                printk
 *fill*         0x0000000040082b06        0x0 
 *fill*         0x0000000040082b06        0x0 
 *fill*         0x0000000040082b06        0x0 
 *libzephyr.a:log_msg.*(SORT_BY_ALIGNMENT(.literal) SORT_BY_ALIGNMENT(.text) SORT_BY_ALIGNMENT(.literal.*) SORT_BY_ALIGNMENT(.text.*))
 *libzephyr.a:log_list.*(SORT_BY_ALIGNMENT(.literal) SORT_BY_ALIGNMENT(.text) SORT_BY_ALIGNMENT(.literal.*) SORT_BY_ALIGNMENT(.text.*))
 *libdrivers__console.a:uart_console.*(SORT_BY_ALIGNMENT(.literal.console_out) SORT_BY_ALIGNMENT(.text.console_out))
 *fill*         0x0000000040082b06        0x2 
 .text.console_out
                0x0000000040082b08       0x22 drivers/console/libdrivers__console.a(uart_console.c.obj)
 *fill*         0x0000000040082b2a        0x0 
 *libzephyr.a:log_output.*(SORT_BY_ALIGNMENT(.literal) SORT_BY_ALIGNMENT(.text) SORT_BY_ALIGNMENT(.literal.*) SORT_BY_ALIGNMENT(.text.*))
 *libzephyr.a:log_backend_uart.*(SORT_BY_ALIGNMENT(.literal) SORT_BY_ALIGNMENT(.text) SORT_BY_ALIGNMENT(.literal.*) SORT_BY_ALIGNMENT(.text.*))
 *libzephyr.a:loader.*(SORT_BY_ALIGNMENT(.literal) SORT_BY_ALIGNMENT(.text) SORT_BY_ALIGNMENT(.literal.*) SORT_BY_ALIGNMENT(.text.*))
 *fill*         0x0000000040082b2a        0x2 
 .text.__start  0x0000000040082b2c        0x8 libzephyr.a(loader.c.obj)
                                          0xb (size before relaxing)
                0x0000000040082b2c                __start
 *fill*         0x0000000040082b34        0x0 
 *liblib__libc__minimal.a:string.*(SORT_BY_ALIGNMENT(.literal) SORT_BY_ALIGNMENT(.text) SORT_BY_ALIGNMENT(.literal.*) SORT_BY_ALIGNMENT(.text.*))
 *fill*         0x0000000040082b34        0x0 
 .text.strlen   0x0000000040082b34       0x16 lib/libc/minimal/liblib__libc__minimal.a(string.c.obj)
                0x0000000040082b34                strlen
 *fill*         0x0000000040082b4a        0x2 
 .text.strnlen  0x0000000040082b4c       0x18 lib/libc/minimal/liblib__libc__minimal.a(string.c.obj)
                0x0000000040082b4c                strnlen
 .text.memset   0x0000000040082b64       0x53 lib/libc/minimal/liblib__libc__minimal.a(string.c.obj)
                0x0000000040082b64                memset
 *liblib__libc__newlib.a:string.*(SORT_BY_ALIGNMENT(.literal) SORT_BY_ALIGNMENT(.text) SORT_BY_ALIGNMENT(.literal.*) SORT_BY_ALIGNMENT(.text.*))
 *libc.a:*(SORT_BY_ALIGNMENT(.literal) SORT_BY_ALIGNMENT(.text) SORT_BY_ALIGNMENT(.literal.*) SORT_BY_ALIGNMENT(.text.*))
 *libphy.a:(SORT_BY_ALIGNMENT(.phyiram) SORT_BY_ALIGNMENT(.phyiram.*))
 *libgcov.a:(SORT_BY_ALIGNMENT(.literal) SORT_BY_ALIGNMENT(.text) SORT_BY_ALIGNMENT(.literal.*) SORT_BY_ALIGNMENT(.text.*))
                0x0000000040082bb7                _iram_text_end = ABSOLUTE (.)
                0x0000000040082bb8                . = ALIGN (0x4)
 *fill*         0x0000000040082bb7        0x1 
                0x0000000040082bb8                _iram_end = ABSOLUTE (.)

.rtc.text       0x00000000400c0000        0x0 load address 0x0000000000003e34
                0x00000000400c0000                . = ALIGN (0x4)
 *(SORT_BY_ALIGNMENT(.rtc.literal) SORT_BY_ALIGNMENT(.rtc.text))
 *rtc_wake_stub*.o(SORT_BY_ALIGNMENT(.literal) SORT_BY_ALIGNMENT(.text) SORT_BY_ALIGNMENT(.literal.*) SORT_BY_ALIGNMENT(.text.*))

.rtc.data       0x0000000050000000        0x0 load address 0x0000000000003e34
                0x0000000050000000                _rtc_data_start = ABSOLUTE (.)
 *(SORT_BY_ALIGNMENT(.rtc.data))
 *(SORT_BY_ALIGNMENT(.rtc.rodata))
 *rtc_wake_stub*.o(SORT_BY_ALIGNMENT(.data) SORT_BY_ALIGNMENT(.rodata) SORT_BY_ALIGNMENT(.data.*) SORT_BY_ALIGNMENT(.rodata.*) SORT_BY_ALIGNMENT(.bss) SORT_BY_ALIGNMENT(.bss.*))
                0x0000000050000000                _rtc_data_end = ABSOLUTE (.)

.rtc.bss        0x0000000050000000        0x0 load address 0x0000000000003e34
                0x0000000050000000                _rtc_bss_start = ABSOLUTE (.)
 *rtc_wake_stub*.o(SORT_BY_ALIGNMENT(.bss) SORT_BY_ALIGNMENT(.bss.*))
 *rtc_wake_stub*.o(SORT_BY_ALIGNMENT(COMMON))
                0x0000000050000000                _rtc_bss_end = ABSOLUTE (.)

bss             0x000000003ffb0388      0x248
                0x000000003ffb0388                . = ALIGN (0x8)
                0x000000003ffb0388                _bss_start = ABSOLUTE (.)
                0x000000003ffb0388                __bss_start = ABSOLUTE (.)
                0x000000003ffb0388                _btdm_bss_start = ABSOLUTE (.)
 *libbtdm_app.a:(SORT_BY_ALIGNMENT(.bss) SORT_BY_ALIGNMENT(.bss.*) SORT_BY_ALIGNMENT(COMMON))
                0x000000003ffb0388                . = ALIGN (0x4)
                0x000000003ffb0388                _btdm_bss_end = ABSOLUTE (.)
 *libkernel.a:mempool.*(SORT_BY_ALIGNMENT(.noinit.kheap_buf__system_heap) SORT_BY_ALIGNMENT(.noinit.*.kheap_buf__system_heap))
 *(SORT_BY_ALIGNMENT(.dynsbss))
 *(SORT_BY_ALIGNMENT(.sbss))
 *(SORT_BY_ALIGNMENT(.sbss.*))
 *(SORT_BY_ALIGNMENT(.gnu.linkonce.sb.*))
 *(SORT_BY_ALIGNMENT(.scommon))
 *(SORT_BY_ALIGNMENT(.sbss2))
 *(SORT_BY_ALIGNMENT(.sbss2.*))
 *(SORT_BY_ALIGNMENT(.gnu.linkonce.sb2.*))
 *(SORT_BY_ALIGNMENT(.dynbss))
 *(SORT_BY_ALIGNMENT(.bss))
 *(SORT_BY_ALIGNMENT(.bss.*))
 .bss.z_idle_threads
                0x000000003ffb0388       0x58 kernel/libkernel.a(init.c.obj)
                0x000000003ffb0388                z_idle_threads
 .bss.z_main_thread
                0x000000003ffb03e0       0x58 kernel/libkernel.a(init.c.obj)
                0x000000003ffb03e0                z_main_thread
 .bss.curr_tick
                0x000000003ffb0438        0x8 kernel/libkernel.a(timeout.c.obj)
 .bss.s_cur_pll_freq
                0x000000003ffb0440        0x4 libzephyr.a(rtc_clk.c.obj)
 .bss.periph_spinlock
                0x000000003ffb0444        0x4 libzephyr.a(periph_ctrl.c.obj)
 .bss.cause     0x000000003ffb0448        0x4 arch/arch/xtensa/core/libarch__xtensa__core.a(xtensa_backtrace.c.obj)
 .bss.mask      0x000000003ffb044c        0x4 arch/arch/xtensa/core/libarch__xtensa__core.a(xtensa_backtrace.c.obj)
 .bss.non_iram_int_mask
                0x000000003ffb0450        0x4 drivers/interrupt_controller/libdrivers__interrupt_controller.a(intc_esp32.c.obj)
 .bss.vector_desc_head
                0x000000003ffb0454        0x4 drivers/interrupt_controller/libdrivers__interrupt_controller.a(intc_esp32.c.obj)
 .bss.intr_alloc_table
                0x000000003ffb0458      0x100 drivers/interrupt_controller/libdrivers__interrupt_controller.a(intc_esp32.c.obj)
 .bss.esp_intc_csec